2025-07-12 07:49:45 +02:00: 📧 [EmailService] Inicializando servicio de email profesional v2.0...
2025-07-12 07:49:45 +02:00: 📧 [EmailService] Entorno: PRODUCCIÓN
2025-07-12 07:49:45 +02:00: 📧 [EmailService] Usuario configurado: teamlens.app@gmail.com
2025-07-12 07:49:45 +02:00: 🌐 [EmailService] Frontend URL: http://teamlens.gti-ia.dsic.upv.es
2025-07-12 07:49:45 +02:00: 📁 [EmailService] Templates path: C:\Users\vicen\OneDrive\Escritorio\RoadToDevOps\teamlens\backend_teamlens\build\templates\emails
2025-07-12 07:49:45 +02:00: ✅ [EmailService] URL de producción configurada correctamente: http://teamlens.gti-ia.dsic.upv.es
2025-07-12 07:49:45 +02:00: ❌ [Database] Conexión fallida: TypeError: Cannot read properties of undefined (reading 'startsWith')
2025-07-12 07:49:45 +02:00:     at connectionStringHasValidScheme (C:\Users\vicen\OneDrive\Escritorio\RoadToDevOps\teamlens\backend_teamlens\node_modules\mongodb-connection-string-url\lib\index.js:9:30)
2025-07-12 07:49:45 +02:00:     at new ConnectionString (C:\Users\vicen\OneDrive\Escritorio\RoadToDevOps\teamlens\backend_teamlens\node_modules\mongodb-connection-string-url\lib\index.js:85:34)
2025-07-12 07:49:45 +02:00:     at parseOptions (C:\Users\vicen\OneDrive\Escritorio\RoadToDevOps\teamlens\backend_teamlens\node_modules\mongodb\lib\connection_string.js:191:17)
2025-07-12 07:49:45 +02:00:     at new MongoClient (C:\Users\vicen\OneDrive\Escritorio\RoadToDevOps\teamlens\backend_teamlens\node_modules\mongodb\lib\mongo_client.js:51:63)
2025-07-12 07:49:45 +02:00:     at connectToDatabase (C:\Users\vicen\OneDrive\Escritorio\RoadToDevOps\teamlens\backend_teamlens\build\services\database.service.js:184:22)
2025-07-12 07:49:45 +02:00:     at Object.<anonymous> (C:\Users\vicen\OneDrive\Escritorio\RoadToDevOps\teamlens\backend_teamlens\build\index.js:49:42)
2025-07-12 07:49:45 +02:00:     at Module._compile (node:internal/modules/cjs/loader:1469:14)
2025-07-12 07:49:45 +02:00:     at Module._extensions..js (node:internal/modules/cjs/loader:1548:10)
2025-07-12 07:49:45 +02:00:     at Module.load (node:internal/modules/cjs/loader:1288:32)
2025-07-12 07:49:45 +02:00:     at Module._load (node:internal/modules/cjs/loader:1104:12)
2025-07-12 07:49:45 +02:00: 📧 [EmailService] Inicializando servicio de email profesional v2.0...
2025-07-12 07:49:45 +02:00: 📧 [EmailService] Entorno: PRODUCCIÓN
2025-07-12 07:49:45 +02:00: 📧 [EmailService] Usuario configurado: teamlens.app@gmail.com
2025-07-12 07:49:45 +02:00: 🌐 [EmailService] Frontend URL: http://teamlens.gti-ia.dsic.upv.es
2025-07-12 07:49:45 +02:00: 📁 [EmailService] Templates path: C:\Users\vicen\OneDrive\Escritorio\RoadToDevOps\teamlens\backend_teamlens\build\templates\emails
2025-07-12 07:49:45 +02:00: ✅ [EmailService] URL de producción configurada correctamente: http://teamlens.gti-ia.dsic.upv.es
2025-07-12 07:49:45 +02:00: ❌ [Database] Conexión fallida: TypeError: Cannot read properties of undefined (reading 'startsWith')
2025-07-12 07:49:45 +02:00:     at connectionStringHasValidScheme (C:\Users\vicen\OneDrive\Escritorio\RoadToDevOps\teamlens\backend_teamlens\node_modules\mongodb-connection-string-url\lib\index.js:9:30)
2025-07-12 07:49:45 +02:00:     at new ConnectionString (C:\Users\vicen\OneDrive\Escritorio\RoadToDevOps\teamlens\backend_teamlens\node_modules\mongodb-connection-string-url\lib\index.js:85:34)
2025-07-12 07:49:45 +02:00:     at parseOptions (C:\Users\vicen\OneDrive\Escritorio\RoadToDevOps\teamlens\backend_teamlens\node_modules\mongodb\lib\connection_string.js:191:17)
2025-07-12 07:49:45 +02:00:     at new MongoClient (C:\Users\vicen\OneDrive\Escritorio\RoadToDevOps\teamlens\backend_teamlens\node_modules\mongodb\lib\mongo_client.js:51:63)
2025-07-12 07:49:45 +02:00:     at connectToDatabase (C:\Users\vicen\OneDrive\Escritorio\RoadToDevOps\teamlens\backend_teamlens\build\services\database.service.js:184:22)
2025-07-12 07:49:45 +02:00:     at Object.<anonymous> (C:\Users\vicen\OneDrive\Escritorio\RoadToDevOps\teamlens\backend_teamlens\build\index.js:49:42)
2025-07-12 07:49:45 +02:00:     at Module._compile (node:internal/modules/cjs/loader:1469:14)
2025-07-12 07:49:45 +02:00:     at Module._extensions..js (node:internal/modules/cjs/loader:1548:10)
2025-07-12 07:49:45 +02:00:     at Module.load (node:internal/modules/cjs/loader:1288:32)
2025-07-12 07:49:45 +02:00:     at Module._load (node:internal/modules/cjs/loader:1104:12)
2025-07-12 07:49:46 +02:00: 📧 [EmailService] Inicializando servicio de email profesional v2.0...
2025-07-12 07:49:46 +02:00: 📧 [EmailService] Entorno: PRODUCCIÓN
2025-07-12 07:49:46 +02:00: 📧 [EmailService] Usuario configurado: teamlens.app@gmail.com
2025-07-12 07:49:46 +02:00: 🌐 [EmailService] Frontend URL: http://teamlens.gti-ia.dsic.upv.es
2025-07-12 07:49:46 +02:00: 📁 [EmailService] Templates path: C:\Users\vicen\OneDrive\Escritorio\RoadToDevOps\teamlens\backend_teamlens\build\templates\emails
2025-07-12 07:49:46 +02:00: ✅ [EmailService] URL de producción configurada correctamente: http://teamlens.gti-ia.dsic.upv.es
2025-07-12 07:49:46 +02:00: ❌ [Database] Conexión fallida: TypeError: Cannot read properties of undefined (reading 'startsWith')
2025-07-12 07:49:46 +02:00:     at connectionStringHasValidScheme (C:\Users\vicen\OneDrive\Escritorio\RoadToDevOps\teamlens\backend_teamlens\node_modules\mongodb-connection-string-url\lib\index.js:9:30)
2025-07-12 07:49:46 +02:00:     at new ConnectionString (C:\Users\vicen\OneDrive\Escritorio\RoadToDevOps\teamlens\backend_teamlens\node_modules\mongodb-connection-string-url\lib\index.js:85:34)
2025-07-12 07:49:46 +02:00:     at parseOptions (C:\Users\vicen\OneDrive\Escritorio\RoadToDevOps\teamlens\backend_teamlens\node_modules\mongodb\lib\connection_string.js:191:17)
2025-07-12 07:49:46 +02:00:     at new MongoClient (C:\Users\vicen\OneDrive\Escritorio\RoadToDevOps\teamlens\backend_teamlens\node_modules\mongodb\lib\mongo_client.js:51:63)
2025-07-12 07:49:46 +02:00:     at connectToDatabase (C:\Users\vicen\OneDrive\Escritorio\RoadToDevOps\teamlens\backend_teamlens\build\services\database.service.js:184:22)
2025-07-12 07:49:46 +02:00:     at Object.<anonymous> (C:\Users\vicen\OneDrive\Escritorio\RoadToDevOps\teamlens\backend_teamlens\build\index.js:49:42)
2025-07-12 07:49:46 +02:00:     at Module._compile (node:internal/modules/cjs/loader:1469:14)
2025-07-12 07:49:46 +02:00:     at Module._extensions..js (node:internal/modules/cjs/loader:1548:10)
2025-07-12 07:49:46 +02:00:     at Module.load (node:internal/modules/cjs/loader:1288:32)
2025-07-12 07:49:46 +02:00:     at Module._load (node:internal/modules/cjs/loader:1104:12)
2025-07-12 07:49:46 +02:00: 📧 [EmailService] Inicializando servicio de email profesional v2.0...
2025-07-12 07:49:46 +02:00: 📧 [EmailService] Entorno: PRODUCCIÓN
2025-07-12 07:49:46 +02:00: 📧 [EmailService] Usuario configurado: teamlens.app@gmail.com
2025-07-12 07:49:46 +02:00: 🌐 [EmailService] Frontend URL: http://teamlens.gti-ia.dsic.upv.es
2025-07-12 07:49:46 +02:00: 📁 [EmailService] Templates path: C:\Users\vicen\OneDrive\Escritorio\RoadToDevOps\teamlens\backend_teamlens\build\templates\emails
2025-07-12 07:49:46 +02:00: ✅ [EmailService] URL de producción configurada correctamente: http://teamlens.gti-ia.dsic.upv.es
2025-07-12 07:49:46 +02:00: ❌ [Database] Conexión fallida: TypeError: Cannot read properties of undefined (reading 'startsWith')
2025-07-12 07:49:46 +02:00:     at connectionStringHasValidScheme (C:\Users\vicen\OneDrive\Escritorio\RoadToDevOps\teamlens\backend_teamlens\node_modules\mongodb-connection-string-url\lib\index.js:9:30)
2025-07-12 07:49:46 +02:00:     at new ConnectionString (C:\Users\vicen\OneDrive\Escritorio\RoadToDevOps\teamlens\backend_teamlens\node_modules\mongodb-connection-string-url\lib\index.js:85:34)
2025-07-12 07:49:46 +02:00:     at parseOptions (C:\Users\vicen\OneDrive\Escritorio\RoadToDevOps\teamlens\backend_teamlens\node_modules\mongodb\lib\connection_string.js:191:17)
2025-07-12 07:49:46 +02:00:     at new MongoClient (C:\Users\vicen\OneDrive\Escritorio\RoadToDevOps\teamlens\backend_teamlens\node_modules\mongodb\lib\mongo_client.js:51:63)
2025-07-12 07:49:46 +02:00:     at connectToDatabase (C:\Users\vicen\OneDrive\Escritorio\RoadToDevOps\teamlens\backend_teamlens\build\services\database.service.js:184:22)
2025-07-12 07:49:46 +02:00:     at Object.<anonymous> (C:\Users\vicen\OneDrive\Escritorio\RoadToDevOps\teamlens\backend_teamlens\build\index.js:49:42)
2025-07-12 07:49:46 +02:00:     at Module._compile (node:internal/modules/cjs/loader:1469:14)
2025-07-12 07:49:46 +02:00:     at Module._extensions..js (node:internal/modules/cjs/loader:1548:10)
2025-07-12 07:49:46 +02:00:     at Module.load (node:internal/modules/cjs/loader:1288:32)
2025-07-12 07:49:46 +02:00:     at Module._load (node:internal/modules/cjs/loader:1104:12)
2025-07-12 07:49:47 +02:00: 📧 [EmailService] Inicializando servicio de email profesional v2.0...
2025-07-12 07:49:47 +02:00: 📧 [EmailService] Entorno: PRODUCCIÓN
2025-07-12 07:49:47 +02:00: 📧 [EmailService] Usuario configurado: teamlens.app@gmail.com
2025-07-12 07:49:47 +02:00: 🌐 [EmailService] Frontend URL: http://teamlens.gti-ia.dsic.upv.es
2025-07-12 07:49:47 +02:00: 📁 [EmailService] Templates path: C:\Users\vicen\OneDrive\Escritorio\RoadToDevOps\teamlens\backend_teamlens\build\templates\emails
2025-07-12 07:49:47 +02:00: ✅ [EmailService] URL de producción configurada correctamente: http://teamlens.gti-ia.dsic.upv.es
2025-07-12 07:49:47 +02:00: ❌ [Database] Conexión fallida: TypeError: Cannot read properties of undefined (reading 'startsWith')
2025-07-12 07:49:47 +02:00:     at connectionStringHasValidScheme (C:\Users\vicen\OneDrive\Escritorio\RoadToDevOps\teamlens\backend_teamlens\node_modules\mongodb-connection-string-url\lib\index.js:9:30)
2025-07-12 07:49:47 +02:00:     at new ConnectionString (C:\Users\vicen\OneDrive\Escritorio\RoadToDevOps\teamlens\backend_teamlens\node_modules\mongodb-connection-string-url\lib\index.js:85:34)
2025-07-12 07:49:47 +02:00:     at parseOptions (C:\Users\vicen\OneDrive\Escritorio\RoadToDevOps\teamlens\backend_teamlens\node_modules\mongodb\lib\connection_string.js:191:17)
2025-07-12 07:49:47 +02:00:     at new MongoClient (C:\Users\vicen\OneDrive\Escritorio\RoadToDevOps\teamlens\backend_teamlens\node_modules\mongodb\lib\mongo_client.js:51:63)
2025-07-12 07:49:47 +02:00:     at connectToDatabase (C:\Users\vicen\OneDrive\Escritorio\RoadToDevOps\teamlens\backend_teamlens\build\services\database.service.js:184:22)
2025-07-12 07:49:47 +02:00:     at Object.<anonymous> (C:\Users\vicen\OneDrive\Escritorio\RoadToDevOps\teamlens\backend_teamlens\build\index.js:49:42)
2025-07-12 07:49:47 +02:00:     at Module._compile (node:internal/modules/cjs/loader:1469:14)
2025-07-12 07:49:47 +02:00:     at Module._extensions..js (node:internal/modules/cjs/loader:1548:10)
2025-07-12 07:49:47 +02:00:     at Module.load (node:internal/modules/cjs/loader:1288:32)
2025-07-12 07:49:47 +02:00:     at Module._load (node:internal/modules/cjs/loader:1104:12)
2025-07-12 07:49:47 +02:00: 📧 [EmailService] Inicializando servicio de email profesional v2.0...
2025-07-12 07:49:47 +02:00: 📧 [EmailService] Entorno: PRODUCCIÓN
2025-07-12 07:49:47 +02:00: 📧 [EmailService] Usuario configurado: teamlens.app@gmail.com
2025-07-12 07:49:47 +02:00: 🌐 [EmailService] Frontend URL: http://teamlens.gti-ia.dsic.upv.es
2025-07-12 07:49:47 +02:00: 📁 [EmailService] Templates path: C:\Users\vicen\OneDrive\Escritorio\RoadToDevOps\teamlens\backend_teamlens\build\templates\emails
2025-07-12 07:49:47 +02:00: ✅ [EmailService] URL de producción configurada correctamente: http://teamlens.gti-ia.dsic.upv.es
2025-07-12 07:49:47 +02:00: ❌ [Database] Conexión fallida: TypeError: Cannot read properties of undefined (reading 'startsWith')
2025-07-12 07:49:47 +02:00:     at connectionStringHasValidScheme (C:\Users\vicen\OneDrive\Escritorio\RoadToDevOps\teamlens\backend_teamlens\node_modules\mongodb-connection-string-url\lib\index.js:9:30)
2025-07-12 07:49:47 +02:00:     at new ConnectionString (C:\Users\vicen\OneDrive\Escritorio\RoadToDevOps\teamlens\backend_teamlens\node_modules\mongodb-connection-string-url\lib\index.js:85:34)
2025-07-12 07:49:47 +02:00:     at parseOptions (C:\Users\vicen\OneDrive\Escritorio\RoadToDevOps\teamlens\backend_teamlens\node_modules\mongodb\lib\connection_string.js:191:17)
2025-07-12 07:49:47 +02:00:     at new MongoClient (C:\Users\vicen\OneDrive\Escritorio\RoadToDevOps\teamlens\backend_teamlens\node_modules\mongodb\lib\mongo_client.js:51:63)
2025-07-12 07:49:47 +02:00:     at connectToDatabase (C:\Users\vicen\OneDrive\Escritorio\RoadToDevOps\teamlens\backend_teamlens\build\services\database.service.js:184:22)
2025-07-12 07:49:47 +02:00:     at Object.<anonymous> (C:\Users\vicen\OneDrive\Escritorio\RoadToDevOps\teamlens\backend_teamlens\build\index.js:49:42)
2025-07-12 07:49:47 +02:00:     at Module._compile (node:internal/modules/cjs/loader:1469:14)
2025-07-12 07:49:47 +02:00:     at Module._extensions..js (node:internal/modules/cjs/loader:1548:10)
2025-07-12 07:49:47 +02:00:     at Module.load (node:internal/modules/cjs/loader:1288:32)
2025-07-12 07:49:47 +02:00:     at Module._load (node:internal/modules/cjs/loader:1104:12)
2025-07-12 07:49:48 +02:00: 📧 [EmailService] Inicializando servicio de email profesional v2.0...
2025-07-12 07:49:48 +02:00: 📧 [EmailService] Entorno: PRODUCCIÓN
2025-07-12 07:49:48 +02:00: 📧 [EmailService] Usuario configurado: teamlens.app@gmail.com
2025-07-12 07:49:48 +02:00: 🌐 [EmailService] Frontend URL: http://teamlens.gti-ia.dsic.upv.es
2025-07-12 07:49:48 +02:00: 📁 [EmailService] Templates path: C:\Users\vicen\OneDrive\Escritorio\RoadToDevOps\teamlens\backend_teamlens\build\templates\emails
2025-07-12 07:49:48 +02:00: ✅ [EmailService] URL de producción configurada correctamente: http://teamlens.gti-ia.dsic.upv.es
2025-07-12 07:49:48 +02:00: ❌ [Database] Conexión fallida: TypeError: Cannot read properties of undefined (reading 'startsWith')
2025-07-12 07:49:48 +02:00:     at connectionStringHasValidScheme (C:\Users\vicen\OneDrive\Escritorio\RoadToDevOps\teamlens\backend_teamlens\node_modules\mongodb-connection-string-url\lib\index.js:9:30)
2025-07-12 07:49:48 +02:00:     at new ConnectionString (C:\Users\vicen\OneDrive\Escritorio\RoadToDevOps\teamlens\backend_teamlens\node_modules\mongodb-connection-string-url\lib\index.js:85:34)
2025-07-12 07:49:48 +02:00:     at parseOptions (C:\Users\vicen\OneDrive\Escritorio\RoadToDevOps\teamlens\backend_teamlens\node_modules\mongodb\lib\connection_string.js:191:17)
2025-07-12 07:49:48 +02:00:     at new MongoClient (C:\Users\vicen\OneDrive\Escritorio\RoadToDevOps\teamlens\backend_teamlens\node_modules\mongodb\lib\mongo_client.js:51:63)
2025-07-12 07:49:48 +02:00:     at connectToDatabase (C:\Users\vicen\OneDrive\Escritorio\RoadToDevOps\teamlens\backend_teamlens\build\services\database.service.js:184:22)
2025-07-12 07:49:48 +02:00:     at Object.<anonymous> (C:\Users\vicen\OneDrive\Escritorio\RoadToDevOps\teamlens\backend_teamlens\build\index.js:49:42)
2025-07-12 07:49:48 +02:00:     at Module._compile (node:internal/modules/cjs/loader:1469:14)
2025-07-12 07:49:48 +02:00:     at Module._extensions..js (node:internal/modules/cjs/loader:1548:10)
2025-07-12 07:49:48 +02:00:     at Module.load (node:internal/modules/cjs/loader:1288:32)
2025-07-12 07:49:48 +02:00:     at Module._load (node:internal/modules/cjs/loader:1104:12)
2025-07-12 07:49:49 +02:00: 📧 [EmailService] Inicializando servicio de email profesional v2.0...
2025-07-12 07:49:49 +02:00: 📧 [EmailService] Entorno: PRODUCCIÓN
2025-07-12 07:49:49 +02:00: 📧 [EmailService] Usuario configurado: teamlens.app@gmail.com
2025-07-12 07:49:49 +02:00: 🌐 [EmailService] Frontend URL: http://teamlens.gti-ia.dsic.upv.es
2025-07-12 07:49:49 +02:00: 📁 [EmailService] Templates path: C:\Users\vicen\OneDrive\Escritorio\RoadToDevOps\teamlens\backend_teamlens\build\templates\emails
2025-07-12 07:49:49 +02:00: ✅ [EmailService] URL de producción configurada correctamente: http://teamlens.gti-ia.dsic.upv.es
2025-07-12 07:49:49 +02:00: ❌ [Database] Conexión fallida: TypeError: Cannot read properties of undefined (reading 'startsWith')
2025-07-12 07:49:49 +02:00:     at connectionStringHasValidScheme (C:\Users\vicen\OneDrive\Escritorio\RoadToDevOps\teamlens\backend_teamlens\node_modules\mongodb-connection-string-url\lib\index.js:9:30)
2025-07-12 07:49:49 +02:00:     at new ConnectionString (C:\Users\vicen\OneDrive\Escritorio\RoadToDevOps\teamlens\backend_teamlens\node_modules\mongodb-connection-string-url\lib\index.js:85:34)
2025-07-12 07:49:49 +02:00:     at parseOptions (C:\Users\vicen\OneDrive\Escritorio\RoadToDevOps\teamlens\backend_teamlens\node_modules\mongodb\lib\connection_string.js:191:17)
2025-07-12 07:49:49 +02:00:     at new MongoClient (C:\Users\vicen\OneDrive\Escritorio\RoadToDevOps\teamlens\backend_teamlens\node_modules\mongodb\lib\mongo_client.js:51:63)
2025-07-12 07:49:49 +02:00:     at connectToDatabase (C:\Users\vicen\OneDrive\Escritorio\RoadToDevOps\teamlens\backend_teamlens\build\services\database.service.js:184:22)
2025-07-12 07:49:49 +02:00:     at Object.<anonymous> (C:\Users\vicen\OneDrive\Escritorio\RoadToDevOps\teamlens\backend_teamlens\build\index.js:49:42)
2025-07-12 07:49:49 +02:00:     at Module._compile (node:internal/modules/cjs/loader:1469:14)
2025-07-12 07:49:49 +02:00:     at Module._extensions..js (node:internal/modules/cjs/loader:1548:10)
2025-07-12 07:49:49 +02:00:     at Module.load (node:internal/modules/cjs/loader:1288:32)
2025-07-12 07:49:49 +02:00:     at Module._load (node:internal/modules/cjs/loader:1104:12)
2025-07-12 07:49:49 +02:00: 📧 [EmailService] Inicializando servicio de email profesional v2.0...
2025-07-12 07:49:49 +02:00: 📧 [EmailService] Entorno: PRODUCCIÓN
2025-07-12 07:49:49 +02:00: 📧 [EmailService] Usuario configurado: teamlens.app@gmail.com
2025-07-12 07:49:49 +02:00: 🌐 [EmailService] Frontend URL: http://teamlens.gti-ia.dsic.upv.es
2025-07-12 07:49:49 +02:00: 📁 [EmailService] Templates path: C:\Users\vicen\OneDrive\Escritorio\RoadToDevOps\teamlens\backend_teamlens\build\templates\emails
2025-07-12 07:49:49 +02:00: ✅ [EmailService] URL de producción configurada correctamente: http://teamlens.gti-ia.dsic.upv.es
2025-07-12 07:49:49 +02:00: ❌ [Database] Conexión fallida: TypeError: Cannot read properties of undefined (reading 'startsWith')
2025-07-12 07:49:49 +02:00:     at connectionStringHasValidScheme (C:\Users\vicen\OneDrive\Escritorio\RoadToDevOps\teamlens\backend_teamlens\node_modules\mongodb-connection-string-url\lib\index.js:9:30)
2025-07-12 07:49:49 +02:00:     at new ConnectionString (C:\Users\vicen\OneDrive\Escritorio\RoadToDevOps\teamlens\backend_teamlens\node_modules\mongodb-connection-string-url\lib\index.js:85:34)
2025-07-12 07:49:49 +02:00:     at parseOptions (C:\Users\vicen\OneDrive\Escritorio\RoadToDevOps\teamlens\backend_teamlens\node_modules\mongodb\lib\connection_string.js:191:17)
2025-07-12 07:49:49 +02:00:     at new MongoClient (C:\Users\vicen\OneDrive\Escritorio\RoadToDevOps\teamlens\backend_teamlens\node_modules\mongodb\lib\mongo_client.js:51:63)
2025-07-12 07:49:49 +02:00:     at connectToDatabase (C:\Users\vicen\OneDrive\Escritorio\RoadToDevOps\teamlens\backend_teamlens\build\services\database.service.js:184:22)
2025-07-12 07:49:49 +02:00:     at Object.<anonymous> (C:\Users\vicen\OneDrive\Escritorio\RoadToDevOps\teamlens\backend_teamlens\build\index.js:49:42)
2025-07-12 07:49:49 +02:00:     at Module._compile (node:internal/modules/cjs/loader:1469:14)
2025-07-12 07:49:49 +02:00:     at Module._extensions..js (node:internal/modules/cjs/loader:1548:10)
2025-07-12 07:49:49 +02:00:     at Module.load (node:internal/modules/cjs/loader:1288:32)
2025-07-12 07:49:49 +02:00:     at Module._load (node:internal/modules/cjs/loader:1104:12)
2025-07-12 07:49:50 +02:00: 📧 [EmailService] Inicializando servicio de email profesional v2.0...
2025-07-12 07:49:50 +02:00: 📧 [EmailService] Entorno: PRODUCCIÓN
2025-07-12 07:49:50 +02:00: 📧 [EmailService] Usuario configurado: teamlens.app@gmail.com
2025-07-12 07:49:50 +02:00: 🌐 [EmailService] Frontend URL: http://teamlens.gti-ia.dsic.upv.es
2025-07-12 07:49:50 +02:00: 📁 [EmailService] Templates path: C:\Users\vicen\OneDrive\Escritorio\RoadToDevOps\teamlens\backend_teamlens\build\templates\emails
2025-07-12 07:49:50 +02:00: ✅ [EmailService] URL de producción configurada correctamente: http://teamlens.gti-ia.dsic.upv.es
2025-07-12 07:49:50 +02:00: ❌ [Database] Conexión fallida: TypeError: Cannot read properties of undefined (reading 'startsWith')
2025-07-12 07:49:50 +02:00:     at connectionStringHasValidScheme (C:\Users\vicen\OneDrive\Escritorio\RoadToDevOps\teamlens\backend_teamlens\node_modules\mongodb-connection-string-url\lib\index.js:9:30)
2025-07-12 07:49:50 +02:00:     at new ConnectionString (C:\Users\vicen\OneDrive\Escritorio\RoadToDevOps\teamlens\backend_teamlens\node_modules\mongodb-connection-string-url\lib\index.js:85:34)
2025-07-12 07:49:50 +02:00:     at parseOptions (C:\Users\vicen\OneDrive\Escritorio\RoadToDevOps\teamlens\backend_teamlens\node_modules\mongodb\lib\connection_string.js:191:17)
2025-07-12 07:49:50 +02:00:     at new MongoClient (C:\Users\vicen\OneDrive\Escritorio\RoadToDevOps\teamlens\backend_teamlens\node_modules\mongodb\lib\mongo_client.js:51:63)
2025-07-12 07:49:50 +02:00:     at connectToDatabase (C:\Users\vicen\OneDrive\Escritorio\RoadToDevOps\teamlens\backend_teamlens\build\services\database.service.js:184:22)
2025-07-12 07:49:50 +02:00:     at Object.<anonymous> (C:\Users\vicen\OneDrive\Escritorio\RoadToDevOps\teamlens\backend_teamlens\build\index.js:49:42)
2025-07-12 07:49:50 +02:00:     at Module._compile (node:internal/modules/cjs/loader:1469:14)
2025-07-12 07:49:50 +02:00:     at Module._extensions..js (node:internal/modules/cjs/loader:1548:10)
2025-07-12 07:49:50 +02:00:     at Module.load (node:internal/modules/cjs/loader:1288:32)
2025-07-12 07:49:50 +02:00:     at Module._load (node:internal/modules/cjs/loader:1104:12)
2025-07-12 07:49:50 +02:00: 📧 [EmailService] Inicializando servicio de email profesional v2.0...
2025-07-12 07:49:50 +02:00: 📧 [EmailService] Entorno: PRODUCCIÓN
2025-07-12 07:49:50 +02:00: 📧 [EmailService] Usuario configurado: teamlens.app@gmail.com
2025-07-12 07:49:50 +02:00: 🌐 [EmailService] Frontend URL: http://teamlens.gti-ia.dsic.upv.es
2025-07-12 07:49:50 +02:00: 📁 [EmailService] Templates path: C:\Users\vicen\OneDrive\Escritorio\RoadToDevOps\teamlens\backend_teamlens\build\templates\emails
2025-07-12 07:49:50 +02:00: ✅ [EmailService] URL de producción configurada correctamente: http://teamlens.gti-ia.dsic.upv.es
2025-07-12 07:49:50 +02:00: ❌ [Database] Conexión fallida: TypeError: Cannot read properties of undefined (reading 'startsWith')
2025-07-12 07:49:50 +02:00:     at connectionStringHasValidScheme (C:\Users\vicen\OneDrive\Escritorio\RoadToDevOps\teamlens\backend_teamlens\node_modules\mongodb-connection-string-url\lib\index.js:9:30)
2025-07-12 07:49:50 +02:00:     at new ConnectionString (C:\Users\vicen\OneDrive\Escritorio\RoadToDevOps\teamlens\backend_teamlens\node_modules\mongodb-connection-string-url\lib\index.js:85:34)
2025-07-12 07:49:50 +02:00:     at parseOptions (C:\Users\vicen\OneDrive\Escritorio\RoadToDevOps\teamlens\backend_teamlens\node_modules\mongodb\lib\connection_string.js:191:17)
2025-07-12 07:49:50 +02:00:     at new MongoClient (C:\Users\vicen\OneDrive\Escritorio\RoadToDevOps\teamlens\backend_teamlens\node_modules\mongodb\lib\mongo_client.js:51:63)
2025-07-12 07:49:50 +02:00:     at connectToDatabase (C:\Users\vicen\OneDrive\Escritorio\RoadToDevOps\teamlens\backend_teamlens\build\services\database.service.js:184:22)
2025-07-12 07:49:50 +02:00:     at Object.<anonymous> (C:\Users\vicen\OneDrive\Escritorio\RoadToDevOps\teamlens\backend_teamlens\build\index.js:49:42)
2025-07-12 07:49:50 +02:00:     at Module._compile (node:internal/modules/cjs/loader:1469:14)
2025-07-12 07:49:50 +02:00:     at Module._extensions..js (node:internal/modules/cjs/loader:1548:10)
2025-07-12 07:49:50 +02:00:     at Module.load (node:internal/modules/cjs/loader:1288:32)
2025-07-12 07:49:50 +02:00:     at Module._load (node:internal/modules/cjs/loader:1104:12)
2025-07-12 07:49:51 +02:00: 📧 [EmailService] Inicializando servicio de email profesional v2.0...
2025-07-12 07:49:51 +02:00: 📧 [EmailService] Entorno: PRODUCCIÓN
2025-07-12 07:49:51 +02:00: 📧 [EmailService] Usuario configurado: teamlens.app@gmail.com
2025-07-12 07:49:51 +02:00: 🌐 [EmailService] Frontend URL: http://teamlens.gti-ia.dsic.upv.es
2025-07-12 07:49:51 +02:00: 📁 [EmailService] Templates path: C:\Users\vicen\OneDrive\Escritorio\RoadToDevOps\teamlens\backend_teamlens\build\templates\emails
2025-07-12 07:49:51 +02:00: ✅ [EmailService] URL de producción configurada correctamente: http://teamlens.gti-ia.dsic.upv.es
2025-07-12 07:49:51 +02:00: ❌ [Database] Conexión fallida: TypeError: Cannot read properties of undefined (reading 'startsWith')
2025-07-12 07:49:51 +02:00:     at connectionStringHasValidScheme (C:\Users\vicen\OneDrive\Escritorio\RoadToDevOps\teamlens\backend_teamlens\node_modules\mongodb-connection-string-url\lib\index.js:9:30)
2025-07-12 07:49:51 +02:00:     at new ConnectionString (C:\Users\vicen\OneDrive\Escritorio\RoadToDevOps\teamlens\backend_teamlens\node_modules\mongodb-connection-string-url\lib\index.js:85:34)
2025-07-12 07:49:51 +02:00:     at parseOptions (C:\Users\vicen\OneDrive\Escritorio\RoadToDevOps\teamlens\backend_teamlens\node_modules\mongodb\lib\connection_string.js:191:17)
2025-07-12 07:49:51 +02:00:     at new MongoClient (C:\Users\vicen\OneDrive\Escritorio\RoadToDevOps\teamlens\backend_teamlens\node_modules\mongodb\lib\mongo_client.js:51:63)
2025-07-12 07:49:51 +02:00:     at connectToDatabase (C:\Users\vicen\OneDrive\Escritorio\RoadToDevOps\teamlens\backend_teamlens\build\services\database.service.js:184:22)
2025-07-12 07:49:51 +02:00:     at Object.<anonymous> (C:\Users\vicen\OneDrive\Escritorio\RoadToDevOps\teamlens\backend_teamlens\build\index.js:49:42)
2025-07-12 07:49:51 +02:00:     at Module._compile (node:internal/modules/cjs/loader:1469:14)
2025-07-12 07:49:51 +02:00:     at Module._extensions..js (node:internal/modules/cjs/loader:1548:10)
2025-07-12 07:49:51 +02:00:     at Module.load (node:internal/modules/cjs/loader:1288:32)
2025-07-12 07:49:51 +02:00:     at Module._load (node:internal/modules/cjs/loader:1104:12)
2025-07-12 07:49:52 +02:00: 📧 [EmailService] Inicializando servicio de email profesional v2.0...
2025-07-12 07:49:52 +02:00: 📧 [EmailService] Entorno: PRODUCCIÓN
2025-07-12 07:49:52 +02:00: 📧 [EmailService] Usuario configurado: teamlens.app@gmail.com
2025-07-12 07:49:52 +02:00: 🌐 [EmailService] Frontend URL: http://teamlens.gti-ia.dsic.upv.es
2025-07-12 07:49:52 +02:00: 📁 [EmailService] Templates path: C:\Users\vicen\OneDrive\Escritorio\RoadToDevOps\teamlens\backend_teamlens\build\templates\emails
2025-07-12 07:49:52 +02:00: ✅ [EmailService] URL de producción configurada correctamente: http://teamlens.gti-ia.dsic.upv.es
2025-07-12 07:49:52 +02:00: ❌ [Database] Conexión fallida: TypeError: Cannot read properties of undefined (reading 'startsWith')
2025-07-12 07:49:52 +02:00:     at connectionStringHasValidScheme (C:\Users\vicen\OneDrive\Escritorio\RoadToDevOps\teamlens\backend_teamlens\node_modules\mongodb-connection-string-url\lib\index.js:9:30)
2025-07-12 07:49:52 +02:00:     at new ConnectionString (C:\Users\vicen\OneDrive\Escritorio\RoadToDevOps\teamlens\backend_teamlens\node_modules\mongodb-connection-string-url\lib\index.js:85:34)
2025-07-12 07:49:52 +02:00:     at parseOptions (C:\Users\vicen\OneDrive\Escritorio\RoadToDevOps\teamlens\backend_teamlens\node_modules\mongodb\lib\connection_string.js:191:17)
2025-07-12 07:49:52 +02:00:     at new MongoClient (C:\Users\vicen\OneDrive\Escritorio\RoadToDevOps\teamlens\backend_teamlens\node_modules\mongodb\lib\mongo_client.js:51:63)
2025-07-12 07:49:52 +02:00:     at connectToDatabase (C:\Users\vicen\OneDrive\Escritorio\RoadToDevOps\teamlens\backend_teamlens\build\services\database.service.js:184:22)
2025-07-12 07:49:52 +02:00:     at Object.<anonymous> (C:\Users\vicen\OneDrive\Escritorio\RoadToDevOps\teamlens\backend_teamlens\build\index.js:49:42)
2025-07-12 07:49:52 +02:00:     at Module._compile (node:internal/modules/cjs/loader:1469:14)
2025-07-12 07:49:52 +02:00:     at Module._extensions..js (node:internal/modules/cjs/loader:1548:10)
2025-07-12 07:49:52 +02:00:     at Module.load (node:internal/modules/cjs/loader:1288:32)
2025-07-12 07:49:52 +02:00:     at Module._load (node:internal/modules/cjs/loader:1104:12)
2025-07-12 07:49:52 +02:00: 📧 [EmailService] Inicializando servicio de email profesional v2.0...
2025-07-12 07:49:52 +02:00: 📧 [EmailService] Entorno: PRODUCCIÓN
2025-07-12 07:49:52 +02:00: 📧 [EmailService] Usuario configurado: teamlens.app@gmail.com
2025-07-12 07:49:52 +02:00: 🌐 [EmailService] Frontend URL: http://teamlens.gti-ia.dsic.upv.es
2025-07-12 07:49:52 +02:00: 📁 [EmailService] Templates path: C:\Users\vicen\OneDrive\Escritorio\RoadToDevOps\teamlens\backend_teamlens\build\templates\emails
2025-07-12 07:49:52 +02:00: ✅ [EmailService] URL de producción configurada correctamente: http://teamlens.gti-ia.dsic.upv.es
2025-07-12 07:49:52 +02:00: ❌ [Database] Conexión fallida: TypeError: Cannot read properties of undefined (reading 'startsWith')
2025-07-12 07:49:52 +02:00:     at connectionStringHasValidScheme (C:\Users\vicen\OneDrive\Escritorio\RoadToDevOps\teamlens\backend_teamlens\node_modules\mongodb-connection-string-url\lib\index.js:9:30)
2025-07-12 07:49:52 +02:00:     at new ConnectionString (C:\Users\vicen\OneDrive\Escritorio\RoadToDevOps\teamlens\backend_teamlens\node_modules\mongodb-connection-string-url\lib\index.js:85:34)
2025-07-12 07:49:52 +02:00:     at parseOptions (C:\Users\vicen\OneDrive\Escritorio\RoadToDevOps\teamlens\backend_teamlens\node_modules\mongodb\lib\connection_string.js:191:17)
2025-07-12 07:49:52 +02:00:     at new MongoClient (C:\Users\vicen\OneDrive\Escritorio\RoadToDevOps\teamlens\backend_teamlens\node_modules\mongodb\lib\mongo_client.js:51:63)
2025-07-12 07:49:52 +02:00:     at connectToDatabase (C:\Users\vicen\OneDrive\Escritorio\RoadToDevOps\teamlens\backend_teamlens\build\services\database.service.js:184:22)
2025-07-12 07:49:52 +02:00:     at Object.<anonymous> (C:\Users\vicen\OneDrive\Escritorio\RoadToDevOps\teamlens\backend_teamlens\build\index.js:49:42)
2025-07-12 07:49:52 +02:00:     at Module._compile (node:internal/modules/cjs/loader:1469:14)
2025-07-12 07:49:52 +02:00:     at Module._extensions..js (node:internal/modules/cjs/loader:1548:10)
2025-07-12 07:49:52 +02:00:     at Module.load (node:internal/modules/cjs/loader:1288:32)
2025-07-12 07:49:52 +02:00:     at Module._load (node:internal/modules/cjs/loader:1104:12)
2025-07-12 07:49:53 +02:00: 📧 [EmailService] Inicializando servicio de email profesional v2.0...
2025-07-12 07:49:53 +02:00: 📧 [EmailService] Entorno: PRODUCCIÓN
2025-07-12 07:49:53 +02:00: 📧 [EmailService] Usuario configurado: teamlens.app@gmail.com
2025-07-12 07:49:53 +02:00: 🌐 [EmailService] Frontend URL: http://teamlens.gti-ia.dsic.upv.es
2025-07-12 07:49:53 +02:00: 📁 [EmailService] Templates path: C:\Users\vicen\OneDrive\Escritorio\RoadToDevOps\teamlens\backend_teamlens\build\templates\emails
2025-07-12 07:49:53 +02:00: ✅ [EmailService] URL de producción configurada correctamente: http://teamlens.gti-ia.dsic.upv.es
2025-07-12 07:49:53 +02:00: ❌ [Database] Conexión fallida: TypeError: Cannot read properties of undefined (reading 'startsWith')
2025-07-12 07:49:53 +02:00:     at connectionStringHasValidScheme (C:\Users\vicen\OneDrive\Escritorio\RoadToDevOps\teamlens\backend_teamlens\node_modules\mongodb-connection-string-url\lib\index.js:9:30)
2025-07-12 07:49:53 +02:00:     at new ConnectionString (C:\Users\vicen\OneDrive\Escritorio\RoadToDevOps\teamlens\backend_teamlens\node_modules\mongodb-connection-string-url\lib\index.js:85:34)
2025-07-12 07:49:53 +02:00:     at parseOptions (C:\Users\vicen\OneDrive\Escritorio\RoadToDevOps\teamlens\backend_teamlens\node_modules\mongodb\lib\connection_string.js:191:17)
2025-07-12 07:49:53 +02:00:     at new MongoClient (C:\Users\vicen\OneDrive\Escritorio\RoadToDevOps\teamlens\backend_teamlens\node_modules\mongodb\lib\mongo_client.js:51:63)
2025-07-12 07:49:53 +02:00:     at connectToDatabase (C:\Users\vicen\OneDrive\Escritorio\RoadToDevOps\teamlens\backend_teamlens\build\services\database.service.js:184:22)
2025-07-12 07:49:53 +02:00:     at Object.<anonymous> (C:\Users\vicen\OneDrive\Escritorio\RoadToDevOps\teamlens\backend_teamlens\build\index.js:49:42)
2025-07-12 07:49:53 +02:00:     at Module._compile (node:internal/modules/cjs/loader:1469:14)
2025-07-12 07:49:53 +02:00:     at Module._extensions..js (node:internal/modules/cjs/loader:1548:10)
2025-07-12 07:49:53 +02:00:     at Module.load (node:internal/modules/cjs/loader:1288:32)
2025-07-12 07:49:53 +02:00:     at Module._load (node:internal/modules/cjs/loader:1104:12)
2025-07-12 07:49:53 +02:00: 📧 [EmailService] Inicializando servicio de email profesional v2.0...
2025-07-12 07:49:53 +02:00: 📧 [EmailService] Entorno: PRODUCCIÓN
2025-07-12 07:49:53 +02:00: 📧 [EmailService] Usuario configurado: teamlens.app@gmail.com
2025-07-12 07:49:53 +02:00: 🌐 [EmailService] Frontend URL: http://teamlens.gti-ia.dsic.upv.es
2025-07-12 07:49:53 +02:00: 📁 [EmailService] Templates path: C:\Users\vicen\OneDrive\Escritorio\RoadToDevOps\teamlens\backend_teamlens\build\templates\emails
2025-07-12 07:49:53 +02:00: ✅ [EmailService] URL de producción configurada correctamente: http://teamlens.gti-ia.dsic.upv.es
2025-07-12 07:49:53 +02:00: ❌ [Database] Conexión fallida: TypeError: Cannot read properties of undefined (reading 'startsWith')
2025-07-12 07:49:53 +02:00:     at connectionStringHasValidScheme (C:\Users\vicen\OneDrive\Escritorio\RoadToDevOps\teamlens\backend_teamlens\node_modules\mongodb-connection-string-url\lib\index.js:9:30)
2025-07-12 07:49:53 +02:00:     at new ConnectionString (C:\Users\vicen\OneDrive\Escritorio\RoadToDevOps\teamlens\backend_teamlens\node_modules\mongodb-connection-string-url\lib\index.js:85:34)
2025-07-12 07:49:53 +02:00:     at parseOptions (C:\Users\vicen\OneDrive\Escritorio\RoadToDevOps\teamlens\backend_teamlens\node_modules\mongodb\lib\connection_string.js:191:17)
2025-07-12 07:49:53 +02:00:     at new MongoClient (C:\Users\vicen\OneDrive\Escritorio\RoadToDevOps\teamlens\backend_teamlens\node_modules\mongodb\lib\mongo_client.js:51:63)
2025-07-12 07:49:53 +02:00:     at connectToDatabase (C:\Users\vicen\OneDrive\Escritorio\RoadToDevOps\teamlens\backend_teamlens\build\services\database.service.js:184:22)
2025-07-12 07:49:53 +02:00:     at Object.<anonymous> (C:\Users\vicen\OneDrive\Escritorio\RoadToDevOps\teamlens\backend_teamlens\build\index.js:49:42)
2025-07-12 07:49:53 +02:00:     at Module._compile (node:internal/modules/cjs/loader:1469:14)
2025-07-12 07:49:53 +02:00:     at Module._extensions..js (node:internal/modules/cjs/loader:1548:10)
2025-07-12 07:49:53 +02:00:     at Module.load (node:internal/modules/cjs/loader:1288:32)
2025-07-12 07:49:53 +02:00:     at Module._load (node:internal/modules/cjs/loader:1104:12)
