2025-07-10T15:47:07: 📧 [EmailService] Inicializando servicio de email profesional v2.0...
2025-07-10T15:47:07: 📧 [EmailService] Entorno: PRODUCCIÓN
2025-07-10T15:47:07: 📧 [EmailService] Usuario configurado: teamlens.app@gmail.com
2025-07-10T15:47:07: 🌐 [EmailService] Frontend URL: http://localhost:4200
2025-07-10T15:47:07: 📁 [EmailService] Templates path: /home/gti/teamlens/backend_teamlens/build/templates/emails
2025-07-10T15:47:07: 📧 [EmailService] Inicializando servicio de email profesional v2.0...
2025-07-10T15:47:07: 📧 [EmailService] Entorno: PRODUCCIÓN
2025-07-10T15:47:07: 📧 [EmailService] Usuario configurado: teamlens.app@gmail.com
2025-07-10T15:47:07: 🌐 [EmailService] Frontend URL: http://localhost:4200
2025-07-10T15:47:07: 📁 [EmailService] Templates path: /home/gti/teamlens/backend_teamlens/build/templates/emails
2025-07-10T15:47:08: 📧 [EmailService] Inicializando servicio de email profesional v2.0...
2025-07-10T15:47:08: 📧 [EmailService] Entorno: PRODUCCIÓN
2025-07-10T15:47:08: 📧 [EmailService] Usuario configurado: teamlens.app@gmail.com
2025-07-10T15:47:08: 🌐 [EmailService] Frontend URL: http://localhost:4200
2025-07-10T15:47:08: 📁 [EmailService] Templates path: /home/gti/teamlens/backend_teamlens/build/templates/emails
2025-07-10T15:47:09: 📧 [EmailService] Inicializando servicio de email profesional v2.0...
2025-07-10T15:47:09: 📧 [EmailService] Entorno: PRODUCCIÓN
2025-07-10T15:47:09: 📧 [EmailService] Usuario configurado: teamlens.app@gmail.com
2025-07-10T15:47:09: 🌐 [EmailService] Frontend URL: http://localhost:4200
2025-07-10T15:47:09: 📁 [EmailService] Templates path: /home/gti/teamlens/backend_teamlens/build/templates/emails
2025-07-10T15:47:10: 📧 [EmailService] Inicializando servicio de email profesional v2.0...
2025-07-10T15:47:10: 📧 [EmailService] Entorno: PRODUCCIÓN
2025-07-10T15:47:10: 📧 [EmailService] Usuario configurado: teamlens.app@gmail.com
2025-07-10T15:47:10: 🌐 [EmailService] Frontend URL: http://localhost:4200
2025-07-10T15:47:10: 📁 [EmailService] Templates path: /home/gti/teamlens/backend_teamlens/build/templates/emails
2025-07-10T15:47:11: 📧 [EmailService] Inicializando servicio de email profesional v2.0...
2025-07-10T15:47:11: 📧 [EmailService] Entorno: PRODUCCIÓN
2025-07-10T15:47:11: 📧 [EmailService] Usuario configurado: teamlens.app@gmail.com
2025-07-10T15:47:11: 🌐 [EmailService] Frontend URL: http://localhost:4200
2025-07-10T15:47:11: 📁 [EmailService] Templates path: /home/gti/teamlens/backend_teamlens/build/templates/emails
2025-07-10T15:47:12: 📧 [EmailService] Inicializando servicio de email profesional v2.0...
2025-07-10T15:47:12: 📧 [EmailService] Entorno: PRODUCCIÓN
2025-07-10T15:47:12: 📧 [EmailService] Usuario configurado: teamlens.app@gmail.com
2025-07-10T15:47:12: 🌐 [EmailService] Frontend URL: http://localhost:4200
2025-07-10T15:47:12: 📁 [EmailService] Templates path: /home/gti/teamlens/backend_teamlens/build/templates/emails
2025-07-10T15:47:13: 📧 [EmailService] Inicializando servicio de email profesional v2.0...
2025-07-10T15:47:13: 📧 [EmailService] Entorno: PRODUCCIÓN
2025-07-10T15:47:13: 📧 [EmailService] Usuario configurado: teamlens.app@gmail.com
2025-07-10T15:47:13: 🌐 [EmailService] Frontend URL: http://localhost:4200
2025-07-10T15:47:13: 📁 [EmailService] Templates path: /home/gti/teamlens/backend_teamlens/build/templates/emails
2025-07-10T15:47:14: 📧 [EmailService] Inicializando servicio de email profesional v2.0...
2025-07-10T15:47:14: 📧 [EmailService] Entorno: PRODUCCIÓN
2025-07-10T15:47:14: 📧 [EmailService] Usuario configurado: teamlens.app@gmail.com
2025-07-10T15:47:14: 🌐 [EmailService] Frontend URL: http://localhost:4200
2025-07-10T15:47:14: 📁 [EmailService] Templates path: /home/gti/teamlens/backend_teamlens/build/templates/emails
2025-07-10T15:47:15: 📧 [EmailService] Inicializando servicio de email profesional v2.0...
2025-07-10T15:47:15: 📧 [EmailService] Entorno: PRODUCCIÓN
2025-07-10T15:47:15: 📧 [EmailService] Usuario configurado: teamlens.app@gmail.com
2025-07-10T15:47:15: 🌐 [EmailService] Frontend URL: http://localhost:4200
2025-07-10T15:47:15: 📁 [EmailService] Templates path: /home/gti/teamlens/backend_teamlens/build/templates/emails
2025-07-10T15:47:16: 📧 [EmailService] Inicializando servicio de email profesional v2.0...
2025-07-10T15:47:16: 📧 [EmailService] Entorno: PRODUCCIÓN
2025-07-10T15:47:16: 📧 [EmailService] Usuario configurado: teamlens.app@gmail.com
2025-07-10T15:47:16: 🌐 [EmailService] Frontend URL: http://localhost:4200
2025-07-10T15:47:16: 📁 [EmailService] Templates path: /home/gti/teamlens/backend_teamlens/build/templates/emails
2025-07-10T15:47:17: 📧 [EmailService] Inicializando servicio de email profesional v2.0...
2025-07-10T15:47:17: 📧 [EmailService] Entorno: PRODUCCIÓN
2025-07-10T15:47:17: 📧 [EmailService] Usuario configurado: teamlens.app@gmail.com
2025-07-10T15:47:17: 🌐 [EmailService] Frontend URL: http://localhost:4200
2025-07-10T15:47:17: 📁 [EmailService] Templates path: /home/gti/teamlens/backend_teamlens/build/templates/emails
2025-07-10T15:47:18: 📧 [EmailService] Inicializando servicio de email profesional v2.0...
2025-07-10T15:47:18: 📧 [EmailService] Entorno: PRODUCCIÓN
2025-07-10T15:47:18: 📧 [EmailService] Usuario configurado: teamlens.app@gmail.com
2025-07-10T15:47:18: 🌐 [EmailService] Frontend URL: http://localhost:4200
2025-07-10T15:47:18: 📁 [EmailService] Templates path: /home/gti/teamlens/backend_teamlens/build/templates/emails
2025-07-10T15:47:19: 📧 [EmailService] Inicializando servicio de email profesional v2.0...
2025-07-10T15:47:19: 📧 [EmailService] Entorno: PRODUCCIÓN
2025-07-10T15:47:19: 📧 [EmailService] Usuario configurado: teamlens.app@gmail.com
2025-07-10T15:47:19: 🌐 [EmailService] Frontend URL: http://localhost:4200
2025-07-10T15:47:19: 📁 [EmailService] Templates path: /home/gti/teamlens/backend_teamlens/build/templates/emails
2025-07-10T15:47:20: 📧 [EmailService] Inicializando servicio de email profesional v2.0...
2025-07-10T15:47:20: 📧 [EmailService] Entorno: PRODUCCIÓN
2025-07-10T15:47:20: 📧 [EmailService] Usuario configurado: teamlens.app@gmail.com
2025-07-10T15:47:20: 🌐 [EmailService] Frontend URL: http://localhost:4200
2025-07-10T15:47:20: 📁 [EmailService] Templates path: /home/gti/teamlens/backend_teamlens/build/templates/emails
2025-07-10T15:47:20: 📧 [EmailService] Inicializando servicio de email profesional v2.0...
2025-07-10T15:47:20: 📧 [EmailService] Entorno: PRODUCCIÓN
2025-07-10T15:47:20: 📧 [EmailService] Usuario configurado: teamlens.app@gmail.com
2025-07-10T15:47:20: 🌐 [EmailService] Frontend URL: http://localhost:4200
2025-07-10T15:47:20: 📁 [EmailService] Templates path: /home/gti/teamlens/backend_teamlens/build/templates/emails
2025-07-10T15:47:21: 📧 [EmailService] Inicializando servicio de email profesional v2.0...
2025-07-10T15:47:21: 📧 [EmailService] Entorno: PRODUCCIÓN
2025-07-10T15:47:21: 📧 [EmailService] Usuario configurado: teamlens.app@gmail.com
2025-07-10T15:47:21: 🌐 [EmailService] Frontend URL: http://localhost:4200
2025-07-10T15:47:21: 📁 [EmailService] Templates path: /home/gti/teamlens/backend_teamlens/build/templates/emails
2025-07-10T15:47:22: 📧 [EmailService] Inicializando servicio de email profesional v2.0...
2025-07-10T15:47:22: 📧 [EmailService] Entorno: PRODUCCIÓN
2025-07-10T15:47:22: 📧 [EmailService] Usuario configurado: teamlens.app@gmail.com
2025-07-10T15:47:22: 🌐 [EmailService] Frontend URL: http://localhost:4200
2025-07-10T15:47:22: 📁 [EmailService] Templates path: /home/gti/teamlens/backend_teamlens/build/templates/emails
2025-07-10T15:47:23: 📧 [EmailService] Inicializando servicio de email profesional v2.0...
2025-07-10T15:47:23: 📧 [EmailService] Entorno: PRODUCCIÓN
2025-07-10T15:47:23: 📧 [EmailService] Usuario configurado: teamlens.app@gmail.com
2025-07-10T15:47:23: 🌐 [EmailService] Frontend URL: http://localhost:4200
2025-07-10T15:47:23: 📁 [EmailService] Templates path: /home/gti/teamlens/backend_teamlens/build/templates/emails
2025-07-10T15:47:24: 📧 [EmailService] Inicializando servicio de email profesional v2.0...
2025-07-10T15:47:24: 📧 [EmailService] Entorno: PRODUCCIÓN
2025-07-10T15:47:24: 📧 [EmailService] Usuario configurado: teamlens.app@gmail.com
2025-07-10T15:47:24: 🌐 [EmailService] Frontend URL: http://localhost:4200
2025-07-10T15:47:24: 📁 [EmailService] Templates path: /home/gti/teamlens/backend_teamlens/build/templates/emails
2025-07-10T15:47:25: 📧 [EmailService] Inicializando servicio de email profesional v2.0...
2025-07-10T15:47:25: 📧 [EmailService] Entorno: PRODUCCIÓN
2025-07-10T15:47:25: 📧 [EmailService] Usuario configurado: teamlens.app@gmail.com
2025-07-10T15:47:25: 🌐 [EmailService] Frontend URL: http://localhost:4200
2025-07-10T15:47:25: 📁 [EmailService] Templates path: /home/gti/teamlens/backend_teamlens/build/templates/emails
2025-07-10T15:47:26: 📧 [EmailService] Inicializando servicio de email profesional v2.0...
2025-07-10T15:47:26: 📧 [EmailService] Entorno: PRODUCCIÓN
2025-07-10T15:47:26: 📧 [EmailService] Usuario configurado: teamlens.app@gmail.com
2025-07-10T15:47:26: 🌐 [EmailService] Frontend URL: http://localhost:4200
2025-07-10T15:47:26: 📁 [EmailService] Templates path: /home/gti/teamlens/backend_teamlens/build/templates/emails
2025-07-10T15:47:27: 📧 [EmailService] Inicializando servicio de email profesional v2.0...
2025-07-10T15:47:27: 📧 [EmailService] Entorno: PRODUCCIÓN
2025-07-10T15:47:27: 📧 [EmailService] Usuario configurado: teamlens.app@gmail.com
2025-07-10T15:47:27: 🌐 [EmailService] Frontend URL: http://localhost:4200
2025-07-10T15:47:27: 📁 [EmailService] Templates path: /home/gti/teamlens/backend_teamlens/build/templates/emails
2025-07-10T15:47:28: 📧 [EmailService] Inicializando servicio de email profesional v2.0...
2025-07-10T15:47:28: 📧 [EmailService] Entorno: PRODUCCIÓN
2025-07-10T15:47:28: 📧 [EmailService] Usuario configurado: teamlens.app@gmail.com
2025-07-10T15:47:28: 🌐 [EmailService] Frontend URL: http://localhost:4200
2025-07-10T15:47:28: 📁 [EmailService] Templates path: /home/gti/teamlens/backend_teamlens/build/templates/emails
2025-07-10T15:47:28: 📧 [EmailService] Inicializando servicio de email profesional v2.0...
2025-07-10T15:47:28: 📧 [EmailService] Entorno: PRODUCCIÓN
2025-07-10T15:47:28: 📧 [EmailService] Usuario configurado: teamlens.app@gmail.com
2025-07-10T15:47:28: 🌐 [EmailService] Frontend URL: http://localhost:4200
2025-07-10T15:47:28: 📁 [EmailService] Templates path: /home/gti/teamlens/backend_teamlens/build/templates/emails
2025-07-10T15:47:29: 📧 [EmailService] Inicializando servicio de email profesional v2.0...
2025-07-10T15:47:29: 📧 [EmailService] Entorno: PRODUCCIÓN
2025-07-10T15:47:29: 📧 [EmailService] Usuario configurado: teamlens.app@gmail.com
2025-07-10T15:47:29: 🌐 [EmailService] Frontend URL: http://localhost:4200
2025-07-10T15:47:29: 📁 [EmailService] Templates path: /home/gti/teamlens/backend_teamlens/build/templates/emails
2025-07-10T15:47:30: 📧 [EmailService] Inicializando servicio de email profesional v2.0...
2025-07-10T15:47:30: 📧 [EmailService] Entorno: PRODUCCIÓN
2025-07-10T15:47:30: 📧 [EmailService] Usuario configurado: teamlens.app@gmail.com
2025-07-10T15:47:30: 🌐 [EmailService] Frontend URL: http://localhost:4200
2025-07-10T15:47:30: 📁 [EmailService] Templates path: /home/gti/teamlens/backend_teamlens/build/templates/emails
2025-07-10T15:47:31: 📧 [EmailService] Inicializando servicio de email profesional v2.0...
2025-07-10T15:47:31: 📧 [EmailService] Entorno: PRODUCCIÓN
2025-07-10T15:47:31: 📧 [EmailService] Usuario configurado: teamlens.app@gmail.com
2025-07-10T15:47:31: 🌐 [EmailService] Frontend URL: http://localhost:4200
2025-07-10T15:47:31: 📁 [EmailService] Templates path: /home/gti/teamlens/backend_teamlens/build/templates/emails
2025-07-10T15:47:32: 📧 [EmailService] Inicializando servicio de email profesional v2.0...
2025-07-10T15:47:32: 📧 [EmailService] Entorno: PRODUCCIÓN
2025-07-10T15:47:32: 📧 [EmailService] Usuario configurado: teamlens.app@gmail.com
2025-07-10T15:47:32: 🌐 [EmailService] Frontend URL: http://localhost:4200
2025-07-10T15:47:32: 📁 [EmailService] Templates path: /home/gti/teamlens/backend_teamlens/build/templates/emails
2025-07-10T15:47:33: 📧 [EmailService] Inicializando servicio de email profesional v2.0...
2025-07-10T15:47:33: 📧 [EmailService] Entorno: PRODUCCIÓN
2025-07-10T15:47:33: 📧 [EmailService] Usuario configurado: teamlens.app@gmail.com
2025-07-10T15:47:33: 🌐 [EmailService] Frontend URL: http://localhost:4200
2025-07-10T15:47:33: 📁 [EmailService] Templates path: /home/gti/teamlens/backend_teamlens/build/templates/emails
2025-07-10T15:47:34: 📧 [EmailService] Inicializando servicio de email profesional v2.0...
2025-07-10T15:47:34: 📧 [EmailService] Entorno: PRODUCCIÓN
2025-07-10T15:47:34: 📧 [EmailService] Usuario configurado: teamlens.app@gmail.com
2025-07-10T15:47:34: 🌐 [EmailService] Frontend URL: http://localhost:4200
2025-07-10T15:47:34: 📁 [EmailService] Templates path: /home/gti/teamlens/backend_teamlens/build/templates/emails
2025-07-10T15:47:35: 📧 [EmailService] Inicializando servicio de email profesional v2.0...
2025-07-10T15:47:35: 📧 [EmailService] Entorno: PRODUCCIÓN
2025-07-10T15:47:35: 📧 [EmailService] Usuario configurado: teamlens.app@gmail.com
2025-07-10T15:47:35: 🌐 [EmailService] Frontend URL: http://localhost:4200
2025-07-10T15:47:35: 📁 [EmailService] Templates path: /home/gti/teamlens/backend_teamlens/build/templates/emails
2025-07-10T15:47:36: 📧 [EmailService] Inicializando servicio de email profesional v2.0...
2025-07-10T15:47:36: 📧 [EmailService] Entorno: PRODUCCIÓN
2025-07-10T15:47:36: 📧 [EmailService] Usuario configurado: teamlens.app@gmail.com
2025-07-10T15:47:36: 🌐 [EmailService] Frontend URL: http://localhost:4200
2025-07-10T15:47:36: 📁 [EmailService] Templates path: /home/gti/teamlens/backend_teamlens/build/templates/emails
2025-07-10T15:47:36: 📧 [EmailService] Inicializando servicio de email profesional v2.0...
2025-07-10T15:47:36: 📧 [EmailService] Entorno: PRODUCCIÓN
2025-07-10T15:47:36: 📧 [EmailService] Usuario configurado: teamlens.app@gmail.com
2025-07-10T15:47:36: 🌐 [EmailService] Frontend URL: http://localhost:4200
2025-07-10T15:47:36: 📁 [EmailService] Templates path: /home/gti/teamlens/backend_teamlens/build/templates/emails
2025-07-10T15:47:37: 📧 [EmailService] Inicializando servicio de email profesional v2.0...
2025-07-10T15:47:37: 📧 [EmailService] Entorno: PRODUCCIÓN
2025-07-10T15:47:37: 📧 [EmailService] Usuario configurado: teamlens.app@gmail.com
2025-07-10T15:47:37: 🌐 [EmailService] Frontend URL: http://localhost:4200
2025-07-10T15:47:37: 📁 [EmailService] Templates path: /home/gti/teamlens/backend_teamlens/build/templates/emails
2025-07-10T15:47:38: 📧 [EmailService] Inicializando servicio de email profesional v2.0...
2025-07-10T15:47:38: 📧 [EmailService] Entorno: PRODUCCIÓN
2025-07-10T15:47:38: 📧 [EmailService] Usuario configurado: teamlens.app@gmail.com
2025-07-10T15:47:38: 🌐 [EmailService] Frontend URL: http://localhost:4200
2025-07-10T15:47:38: 📁 [EmailService] Templates path: /home/gti/teamlens/backend_teamlens/build/templates/emails
2025-07-10T15:47:39: 📧 [EmailService] Inicializando servicio de email profesional v2.0...
2025-07-10T15:47:39: 📧 [EmailService] Entorno: PRODUCCIÓN
2025-07-10T15:47:39: 📧 [EmailService] Usuario configurado: teamlens.app@gmail.com
2025-07-10T15:47:39: 🌐 [EmailService] Frontend URL: http://localhost:4200
2025-07-10T15:47:39: 📁 [EmailService] Templates path: /home/gti/teamlens/backend_teamlens/build/templates/emails
2025-07-10T15:47:40: 📧 [EmailService] Inicializando servicio de email profesional v2.0...
2025-07-10T15:47:40: 📧 [EmailService] Entorno: PRODUCCIÓN
2025-07-10T15:47:40: 📧 [EmailService] Usuario configurado: teamlens.app@gmail.com
2025-07-10T15:47:40: 🌐 [EmailService] Frontend URL: http://localhost:4200
2025-07-10T15:47:40: 📁 [EmailService] Templates path: /home/gti/teamlens/backend_teamlens/build/templates/emails
2025-07-10T15:47:41: 📧 [EmailService] Inicializando servicio de email profesional v2.0...
2025-07-10T15:47:41: 📧 [EmailService] Entorno: PRODUCCIÓN
2025-07-10T15:47:41: 📧 [EmailService] Usuario configurado: teamlens.app@gmail.com
2025-07-10T15:47:41: 🌐 [EmailService] Frontend URL: http://localhost:4200
2025-07-10T15:47:41: 📁 [EmailService] Templates path: /home/gti/teamlens/backend_teamlens/build/templates/emails
2025-07-10T15:47:41: 📧 [EmailService] Inicializando servicio de email profesional v2.0...
2025-07-10T15:47:41: 📧 [EmailService] Entorno: PRODUCCIÓN
2025-07-10T15:47:41: 📧 [EmailService] Usuario configurado: teamlens.app@gmail.com
2025-07-10T15:47:41: 🌐 [EmailService] Frontend URL: http://localhost:4200
2025-07-10T15:47:41: 📁 [EmailService] Templates path: /home/gti/teamlens/backend_teamlens/build/templates/emails
2025-07-10T15:47:42: 📧 [EmailService] Inicializando servicio de email profesional v2.0...
2025-07-10T15:47:42: 📧 [EmailService] Entorno: PRODUCCIÓN
2025-07-10T15:47:42: 📧 [EmailService] Usuario configurado: teamlens.app@gmail.com
2025-07-10T15:47:42: 🌐 [EmailService] Frontend URL: http://localhost:4200
2025-07-10T15:47:42: 📁 [EmailService] Templates path: /home/gti/teamlens/backend_teamlens/build/templates/emails
2025-07-10T15:47:43: 📧 [EmailService] Inicializando servicio de email profesional v2.0...
2025-07-10T15:47:43: 📧 [EmailService] Entorno: PRODUCCIÓN
2025-07-10T15:47:43: 📧 [EmailService] Usuario configurado: teamlens.app@gmail.com
2025-07-10T15:47:43: 🌐 [EmailService] Frontend URL: http://localhost:4200
2025-07-10T15:47:43: 📁 [EmailService] Templates path: /home/gti/teamlens/backend_teamlens/build/templates/emails
2025-07-10T15:47:44: 📧 [EmailService] Inicializando servicio de email profesional v2.0...
2025-07-10T15:47:44: 📧 [EmailService] Entorno: PRODUCCIÓN
2025-07-10T15:47:44: 📧 [EmailService] Usuario configurado: teamlens.app@gmail.com
2025-07-10T15:47:44: 🌐 [EmailService] Frontend URL: http://localhost:4200
2025-07-10T15:47:44: 📁 [EmailService] Templates path: /home/gti/teamlens/backend_teamlens/build/templates/emails
2025-07-10T15:47:45: 📧 [EmailService] Inicializando servicio de email profesional v2.0...
2025-07-10T15:47:45: 📧 [EmailService] Entorno: PRODUCCIÓN
2025-07-10T15:47:45: 📧 [EmailService] Usuario configurado: teamlens.app@gmail.com
2025-07-10T15:47:45: 🌐 [EmailService] Frontend URL: http://localhost:4200
2025-07-10T15:47:45: 📁 [EmailService] Templates path: /home/gti/teamlens/backend_teamlens/build/templates/emails
2025-07-10T15:47:46: 📧 [EmailService] Inicializando servicio de email profesional v2.0...
2025-07-10T15:47:46: 📧 [EmailService] Entorno: PRODUCCIÓN
2025-07-10T15:47:46: 📧 [EmailService] Usuario configurado: teamlens.app@gmail.com
2025-07-10T15:47:46: 🌐 [EmailService] Frontend URL: http://localhost:4200
2025-07-10T15:47:46: 📁 [EmailService] Templates path: /home/gti/teamlens/backend_teamlens/build/templates/emails
2025-07-10T15:47:47: 📧 [EmailService] Inicializando servicio de email profesional v2.0...
2025-07-10T15:47:47: 📧 [EmailService] Entorno: PRODUCCIÓN
2025-07-10T15:47:47: 📧 [EmailService] Usuario configurado: teamlens.app@gmail.com
2025-07-10T15:47:47: 🌐 [EmailService] Frontend URL: http://localhost:4200
2025-07-10T15:47:47: 📁 [EmailService] Templates path: /home/gti/teamlens/backend_teamlens/build/templates/emails
2025-07-10T15:47:48: 📧 [EmailService] Inicializando servicio de email profesional v2.0...
2025-07-10T15:47:48: 📧 [EmailService] Entorno: PRODUCCIÓN
2025-07-10T15:47:48: 📧 [EmailService] Usuario configurado: teamlens.app@gmail.com
2025-07-10T15:47:48: 🌐 [EmailService] Frontend URL: http://localhost:4200
2025-07-10T15:47:48: 📁 [EmailService] Templates path: /home/gti/teamlens/backend_teamlens/build/templates/emails
2025-07-10T15:47:49: 📧 [EmailService] Inicializando servicio de email profesional v2.0...
2025-07-10T15:47:49: 📧 [EmailService] Entorno: PRODUCCIÓN
2025-07-10T15:47:49: 📧 [EmailService] Usuario configurado: teamlens.app@gmail.com
2025-07-10T15:47:49: 🌐 [EmailService] Frontend URL: http://localhost:4200
2025-07-10T15:47:49: 📁 [EmailService] Templates path: /home/gti/teamlens/backend_teamlens/build/templates/emails
2025-07-10T15:47:50: 📧 [EmailService] Inicializando servicio de email profesional v2.0...
2025-07-10T15:47:50: 📧 [EmailService] Entorno: PRODUCCIÓN
2025-07-10T15:47:50: 📧 [EmailService] Usuario configurado: teamlens.app@gmail.com
2025-07-10T15:47:50: 🌐 [EmailService] Frontend URL: http://localhost:4200
2025-07-10T15:47:50: 📁 [EmailService] Templates path: /home/gti/teamlens/backend_teamlens/build/templates/emails
2025-07-10T15:47:51: 📧 [EmailService] Inicializando servicio de email profesional v2.0...
2025-07-10T15:47:51: 📧 [EmailService] Entorno: PRODUCCIÓN
2025-07-10T15:47:51: 📧 [EmailService] Usuario configurado: teamlens.app@gmail.com
2025-07-10T15:47:51: 🌐 [EmailService] Frontend URL: http://localhost:4200
2025-07-10T15:47:51: 📁 [EmailService] Templates path: /home/gti/teamlens/backend_teamlens/build/templates/emails
2025-07-10T15:47:51: 📧 [EmailService] Inicializando servicio de email profesional v2.0...
2025-07-10T15:47:51: 📧 [EmailService] Entorno: PRODUCCIÓN
2025-07-10T15:47:51: 📧 [EmailService] Usuario configurado: teamlens.app@gmail.com
2025-07-10T15:47:51: 🌐 [EmailService] Frontend URL: http://localhost:4200
2025-07-10T15:47:51: 📁 [EmailService] Templates path: /home/gti/teamlens/backend_teamlens/build/templates/emails
2025-07-10T15:47:52: 📧 [EmailService] Inicializando servicio de email profesional v2.0...
2025-07-10T15:47:52: 📧 [EmailService] Entorno: PRODUCCIÓN
2025-07-10T15:47:52: 📧 [EmailService] Usuario configurado: teamlens.app@gmail.com
2025-07-10T15:47:52: 🌐 [EmailService] Frontend URL: http://localhost:4200
2025-07-10T15:47:52: 📁 [EmailService] Templates path: /home/gti/teamlens/backend_teamlens/build/templates/emails
2025-07-10T15:47:53: 📧 [EmailService] Inicializando servicio de email profesional v2.0...
2025-07-10T15:47:53: 📧 [EmailService] Entorno: PRODUCCIÓN
2025-07-10T15:47:53: 📧 [EmailService] Usuario configurado: teamlens.app@gmail.com
2025-07-10T15:47:53: 🌐 [EmailService] Frontend URL: http://localhost:4200
2025-07-10T15:47:53: 📁 [EmailService] Templates path: /home/gti/teamlens/backend_teamlens/build/templates/emails
2025-07-10T15:47:54: 📧 [EmailService] Inicializando servicio de email profesional v2.0...
2025-07-10T15:47:54: 📧 [EmailService] Entorno: PRODUCCIÓN
2025-07-10T15:47:54: 📧 [EmailService] Usuario configurado: teamlens.app@gmail.com
2025-07-10T15:47:54: 🌐 [EmailService] Frontend URL: http://localhost:4200
2025-07-10T15:47:54: 📁 [EmailService] Templates path: /home/gti/teamlens/backend_teamlens/build/templates/emails
2025-07-10T15:47:55: 📧 [EmailService] Inicializando servicio de email profesional v2.0...
2025-07-10T15:47:55: 📧 [EmailService] Entorno: PRODUCCIÓN
2025-07-10T15:47:55: 📧 [EmailService] Usuario configurado: teamlens.app@gmail.com
2025-07-10T15:47:55: 🌐 [EmailService] Frontend URL: http://localhost:4200
2025-07-10T15:47:55: 📁 [EmailService] Templates path: /home/gti/teamlens/backend_teamlens/build/templates/emails
2025-07-10T15:47:56: 📧 [EmailService] Inicializando servicio de email profesional v2.0...
2025-07-10T15:47:56: 📧 [EmailService] Entorno: PRODUCCIÓN
2025-07-10T15:47:56: 📧 [EmailService] Usuario configurado: teamlens.app@gmail.com
2025-07-10T15:47:56: 🌐 [EmailService] Frontend URL: http://localhost:4200
2025-07-10T15:47:56: 📁 [EmailService] Templates path: /home/gti/teamlens/backend_teamlens/build/templates/emails
2025-07-10T15:47:57: 📧 [EmailService] Inicializando servicio de email profesional v2.0...
2025-07-10T15:47:57: 📧 [EmailService] Entorno: PRODUCCIÓN
2025-07-10T15:47:57: 📧 [EmailService] Usuario configurado: teamlens.app@gmail.com
2025-07-10T15:47:57: 🌐 [EmailService] Frontend URL: http://localhost:4200
2025-07-10T15:47:57: 📁 [EmailService] Templates path: /home/gti/teamlens/backend_teamlens/build/templates/emails
2025-07-10T15:47:58: 📧 [EmailService] Inicializando servicio de email profesional v2.0...
2025-07-10T15:47:58: 📧 [EmailService] Entorno: PRODUCCIÓN
2025-07-10T15:47:58: 📧 [EmailService] Usuario configurado: teamlens.app@gmail.com
2025-07-10T15:47:58: 🌐 [EmailService] Frontend URL: http://localhost:4200
2025-07-10T15:47:58: 📁 [EmailService] Templates path: /home/gti/teamlens/backend_teamlens/build/templates/emails
2025-07-10T15:47:59: 📧 [EmailService] Inicializando servicio de email profesional v2.0...
2025-07-10T15:47:59: 📧 [EmailService] Entorno: PRODUCCIÓN
2025-07-10T15:47:59: 📧 [EmailService] Usuario configurado: teamlens.app@gmail.com
2025-07-10T15:47:59: 🌐 [EmailService] Frontend URL: http://localhost:4200
2025-07-10T15:48:00: 📧 [EmailService] Inicializando servicio de email profesional v2.0...
2025-07-10T15:48:00: 📧 [EmailService] Entorno: PRODUCCIÓN
2025-07-10T15:48:00: 📧 [EmailService] Usuario configurado: teamlens.app@gmail.com
2025-07-10T15:48:00: 🌐 [EmailService] Frontend URL: http://localhost:4200
2025-07-10T15:48:00: 📁 [EmailService] Templates path: /home/gti/teamlens/backend_teamlens/build/templates/emails
2025-07-10T15:48:00: 📧 [EmailService] Inicializando servicio de email profesional v2.0...
2025-07-10T15:48:00: 📧 [EmailService] Entorno: PRODUCCIÓN
2025-07-10T15:48:00: 📧 [EmailService] Usuario configurado: teamlens.app@gmail.com
2025-07-10T15:48:00: 🌐 [EmailService] Frontend URL: http://localhost:4200
2025-07-10T15:48:00: 📁 [EmailService] Templates path: /home/gti/teamlens/backend_teamlens/build/templates/emails
2025-07-10T15:48:01: 📧 [EmailService] Inicializando servicio de email profesional v2.0...
2025-07-10T15:48:01: 📧 [EmailService] Entorno: PRODUCCIÓN
2025-07-10T15:48:01: 📧 [EmailService] Usuario configurado: teamlens.app@gmail.com
2025-07-10T15:48:01: 🌐 [EmailService] Frontend URL: http://localhost:4200
2025-07-10T15:48:01: 📁 [EmailService] Templates path: /home/gti/teamlens/backend_teamlens/build/templates/emails
2025-07-10T15:48:02: 📧 [EmailService] Inicializando servicio de email profesional v2.0...
2025-07-10T15:48:02: 📧 [EmailService] Entorno: PRODUCCIÓN
2025-07-10T15:48:02: 📧 [EmailService] Usuario configurado: teamlens.app@gmail.com
2025-07-10T15:48:02: 🌐 [EmailService] Frontend URL: http://localhost:4200
2025-07-10T15:48:02: 📁 [EmailService] Templates path: /home/gti/teamlens/backend_teamlens/build/templates/emails
2025-07-10T15:48:03: 📧 [EmailService] Inicializando servicio de email profesional v2.0...
2025-07-10T15:48:03: 📧 [EmailService] Entorno: PRODUCCIÓN
2025-07-10T15:48:03: 📧 [EmailService] Usuario configurado: teamlens.app@gmail.com
2025-07-10T15:48:03: 🌐 [EmailService] Frontend URL: http://localhost:4200
2025-07-10T15:48:03: 📁 [EmailService] Templates path: /home/gti/teamlens/backend_teamlens/build/templates/emails
2025-07-10T15:48:04: 📧 [EmailService] Inicializando servicio de email profesional v2.0...
2025-07-10T15:48:04: 📧 [EmailService] Entorno: PRODUCCIÓN
2025-07-10T15:48:04: 📧 [EmailService] Usuario configurado: teamlens.app@gmail.com
2025-07-10T15:48:04: 🌐 [EmailService] Frontend URL: http://localhost:4200
2025-07-10T15:48:04: 📁 [EmailService] Templates path: /home/gti/teamlens/backend_teamlens/build/templates/emails
2025-07-10T15:48:05: 📧 [EmailService] Inicializando servicio de email profesional v2.0...
2025-07-10T15:48:05: 📧 [EmailService] Entorno: PRODUCCIÓN
2025-07-10T15:48:05: 📧 [EmailService] Usuario configurado: teamlens.app@gmail.com
2025-07-10T15:48:05: 🌐 [EmailService] Frontend URL: http://localhost:4200
2025-07-10T15:48:05: 📁 [EmailService] Templates path: /home/gti/teamlens/backend_teamlens/build/templates/emails
2025-07-10T15:48:06: 📧 [EmailService] Inicializando servicio de email profesional v2.0...
2025-07-10T15:48:06: 📧 [EmailService] Entorno: PRODUCCIÓN
2025-07-10T15:48:06: 📧 [EmailService] Usuario configurado: teamlens.app@gmail.com
2025-07-10T15:48:06: 🌐 [EmailService] Frontend URL: http://localhost:4200
2025-07-10T15:48:06: 📁 [EmailService] Templates path: /home/gti/teamlens/backend_teamlens/build/templates/emails
2025-07-10T15:48:06: 📧 [EmailService] Inicializando servicio de email profesional v2.0...
2025-07-10T15:48:06: 📧 [EmailService] Entorno: PRODUCCIÓN
2025-07-10T15:48:06: 📧 [EmailService] Usuario configurado: teamlens.app@gmail.com
2025-07-10T15:48:06: 🌐 [EmailService] Frontend URL: http://localhost:4200
2025-07-10T15:48:06: 📁 [EmailService] Templates path: /home/gti/teamlens/backend_teamlens/build/templates/emails
2025-07-10T15:48:07: 📧 [EmailService] Inicializando servicio de email profesional v2.0...
2025-07-10T15:48:07: 📧 [EmailService] Entorno: PRODUCCIÓN
2025-07-10T15:48:07: 📧 [EmailService] Usuario configurado: teamlens.app@gmail.com
2025-07-10T15:48:07: 🌐 [EmailService] Frontend URL: http://localhost:4200
2025-07-10T15:48:07: 📁 [EmailService] Templates path: /home/gti/teamlens/backend_teamlens/build/templates/emails
2025-07-10T15:48:08: 📧 [EmailService] Inicializando servicio de email profesional v2.0...
2025-07-10T15:48:08: 📧 [EmailService] Entorno: PRODUCCIÓN
2025-07-10T15:48:08: 📧 [EmailService] Usuario configurado: teamlens.app@gmail.com
2025-07-10T15:48:08: 🌐 [EmailService] Frontend URL: http://localhost:4200
2025-07-10T15:48:08: 📁 [EmailService] Templates path: /home/gti/teamlens/backend_teamlens/build/templates/emails
2025-07-10T15:48:09: 📧 [EmailService] Inicializando servicio de email profesional v2.0...
2025-07-10T15:48:09: 📧 [EmailService] Entorno: PRODUCCIÓN
2025-07-10T15:48:09: 📧 [EmailService] Usuario configurado: teamlens.app@gmail.com
2025-07-10T15:48:09: 🌐 [EmailService] Frontend URL: http://localhost:4200
2025-07-10T15:48:09: 📁 [EmailService] Templates path: /home/gti/teamlens/backend_teamlens/build/templates/emails
2025-07-10T15:48:10: 📧 [EmailService] Inicializando servicio de email profesional v2.0...
2025-07-10T15:48:10: 📧 [EmailService] Entorno: PRODUCCIÓN
2025-07-10T15:48:10: 📧 [EmailService] Usuario configurado: teamlens.app@gmail.com
2025-07-10T15:48:10: 🌐 [EmailService] Frontend URL: http://localhost:4200
2025-07-10T15:48:10: 📁 [EmailService] Templates path: /home/gti/teamlens/backend_teamlens/build/templates/emails
2025-07-10T15:48:11: 📧 [EmailService] Inicializando servicio de email profesional v2.0...
2025-07-10T15:48:11: 📧 [EmailService] Entorno: PRODUCCIÓN
2025-07-10T15:48:11: 📧 [EmailService] Usuario configurado: teamlens.app@gmail.com
2025-07-10T15:48:11: 🌐 [EmailService] Frontend URL: http://localhost:4200
2025-07-10T15:48:11: 📁 [EmailService] Templates path: /home/gti/teamlens/backend_teamlens/build/templates/emails
2025-07-10T15:48:12: 📧 [EmailService] Inicializando servicio de email profesional v2.0...
2025-07-10T15:48:12: 📧 [EmailService] Entorno: PRODUCCIÓN
2025-07-10T15:48:12: 📧 [EmailService] Usuario configurado: teamlens.app@gmail.com
2025-07-10T15:48:12: 🌐 [EmailService] Frontend URL: http://localhost:4200
2025-07-10T15:48:12: 📁 [EmailService] Templates path: /home/gti/teamlens/backend_teamlens/build/templates/emails
2025-07-10T15:48:13: 📧 [EmailService] Inicializando servicio de email profesional v2.0...
2025-07-10T15:48:13: 📧 [EmailService] Entorno: PRODUCCIÓN
2025-07-10T15:48:13: 📧 [EmailService] Usuario configurado: teamlens.app@gmail.com
2025-07-10T15:48:13: 🌐 [EmailService] Frontend URL: http://localhost:4200
2025-07-10T15:48:13: 📁 [EmailService] Templates path: /home/gti/teamlens/backend_teamlens/build/templates/emails
2025-07-10T15:48:14: 📧 [EmailService] Inicializando servicio de email profesional v2.0...
2025-07-10T15:48:14: 📧 [EmailService] Entorno: PRODUCCIÓN
2025-07-10T15:48:14: 📧 [EmailService] Usuario configurado: teamlens.app@gmail.com
2025-07-10T15:48:14: 🌐 [EmailService] Frontend URL: http://localhost:4200
2025-07-10T15:48:14: 📁 [EmailService] Templates path: /home/gti/teamlens/backend_teamlens/build/templates/emails
2025-07-10T15:48:15: 📧 [EmailService] Inicializando servicio de email profesional v2.0...
2025-07-10T15:48:15: 📧 [EmailService] Entorno: PRODUCCIÓN
2025-07-10T15:48:15: 📧 [EmailService] Usuario configurado: teamlens.app@gmail.com
2025-07-10T15:48:15: 🌐 [EmailService] Frontend URL: http://localhost:4200
2025-07-10T15:48:15: 📁 [EmailService] Templates path: /home/gti/teamlens/backend_teamlens/build/templates/emails
2025-07-10T15:48:16: 📧 [EmailService] Inicializando servicio de email profesional v2.0...
2025-07-10T15:48:16: 📧 [EmailService] Entorno: PRODUCCIÓN
2025-07-10T15:48:16: 📧 [EmailService] Usuario configurado: teamlens.app@gmail.com
2025-07-10T15:48:16: 🌐 [EmailService] Frontend URL: http://localhost:4200
2025-07-10T15:48:16: 📁 [EmailService] Templates path: /home/gti/teamlens/backend_teamlens/build/templates/emails
2025-07-10T15:48:17: 📧 [EmailService] Inicializando servicio de email profesional v2.0...
2025-07-10T15:48:17: 📧 [EmailService] Entorno: PRODUCCIÓN
2025-07-10T15:48:17: 📧 [EmailService] Usuario configurado: teamlens.app@gmail.com
2025-07-10T15:48:17: 🌐 [EmailService] Frontend URL: http://localhost:4200
2025-07-10T15:48:17: 📁 [EmailService] Templates path: /home/gti/teamlens/backend_teamlens/build/templates/emails
2025-07-10T15:48:18: 📧 [EmailService] Inicializando servicio de email profesional v2.0...
2025-07-10T15:48:18: 📧 [EmailService] Entorno: PRODUCCIÓN
2025-07-10T15:48:18: 📧 [EmailService] Usuario configurado: teamlens.app@gmail.com
2025-07-10T15:48:18: 🌐 [EmailService] Frontend URL: http://localhost:4200
2025-07-10T15:48:18: 📁 [EmailService] Templates path: /home/gti/teamlens/backend_teamlens/build/templates/emails
2025-07-10T15:48:18: 📧 [EmailService] Inicializando servicio de email profesional v2.0...
2025-07-10T15:48:18: 📧 [EmailService] Entorno: PRODUCCIÓN
2025-07-10T15:48:18: 📧 [EmailService] Usuario configurado: teamlens.app@gmail.com
2025-07-10T15:48:18: 🌐 [EmailService] Frontend URL: http://localhost:4200
2025-07-10T15:48:18: 📁 [EmailService] Templates path: /home/gti/teamlens/backend_teamlens/build/templates/emails
2025-07-10T15:48:19: 📧 [EmailService] Inicializando servicio de email profesional v2.0...
2025-07-10T15:48:19: 📧 [EmailService] Entorno: PRODUCCIÓN
2025-07-10T15:48:19: 📧 [EmailService] Usuario configurado: teamlens.app@gmail.com
2025-07-10T15:48:19: 🌐 [EmailService] Frontend URL: http://localhost:4200
2025-07-10T15:48:19: 📁 [EmailService] Templates path: /home/gti/teamlens/backend_teamlens/build/templates/emails
2025-07-10T15:48:20: 📧 [EmailService] Inicializando servicio de email profesional v2.0...
2025-07-10T15:48:20: 📧 [EmailService] Entorno: PRODUCCIÓN
2025-07-10T15:48:20: 📧 [EmailService] Usuario configurado: teamlens.app@gmail.com
2025-07-10T15:48:20: 🌐 [EmailService] Frontend URL: http://localhost:4200
2025-07-10T15:48:20: 📁 [EmailService] Templates path: /home/gti/teamlens/backend_teamlens/build/templates/emails
2025-07-10T15:48:21: 📧 [EmailService] Inicializando servicio de email profesional v2.0...
2025-07-10T15:48:21: 📧 [EmailService] Entorno: PRODUCCIÓN
2025-07-10T15:48:21: 📧 [EmailService] Usuario configurado: teamlens.app@gmail.com
2025-07-10T15:48:21: 🌐 [EmailService] Frontend URL: http://localhost:4200
2025-07-10T15:48:21: 📁 [EmailService] Templates path: /home/gti/teamlens/backend_teamlens/build/templates/emails
2025-07-10T15:48:22: 📧 [EmailService] Inicializando servicio de email profesional v2.0...
2025-07-10T15:48:22: 📧 [EmailService] Entorno: PRODUCCIÓN
2025-07-10T15:48:22: 📧 [EmailService] Usuario configurado: teamlens.app@gmail.com
2025-07-10T15:48:22: 🌐 [EmailService] Frontend URL: http://localhost:4200
2025-07-10T15:48:22: 📁 [EmailService] Templates path: /home/gti/teamlens/backend_teamlens/build/templates/emails
2025-07-10T15:48:23: 📧 [EmailService] Inicializando servicio de email profesional v2.0...
2025-07-10T15:48:23: 📧 [EmailService] Entorno: PRODUCCIÓN
2025-07-10T15:48:23: 📧 [EmailService] Usuario configurado: teamlens.app@gmail.com
2025-07-10T15:48:23: 🌐 [EmailService] Frontend URL: http://localhost:4200
2025-07-10T15:48:23: 📁 [EmailService] Templates path: /home/gti/teamlens/backend_teamlens/build/templates/emails
2025-07-10T15:48:24: 📧 [EmailService] Inicializando servicio de email profesional v2.0...
2025-07-10T15:48:24: 📧 [EmailService] Entorno: PRODUCCIÓN
2025-07-10T15:48:24: 📧 [EmailService] Usuario configurado: teamlens.app@gmail.com
2025-07-10T15:48:24: 🌐 [EmailService] Frontend URL: http://localhost:4200
2025-07-10T15:48:24: 📁 [EmailService] Templates path: /home/gti/teamlens/backend_teamlens/build/templates/emails
2025-07-10T15:48:25: 📧 [EmailService] Inicializando servicio de email profesional v2.0...
2025-07-10T15:48:25: 📧 [EmailService] Entorno: PRODUCCIÓN
2025-07-10T15:48:25: 📧 [EmailService] Usuario configurado: teamlens.app@gmail.com
2025-07-10T15:48:25: 🌐 [EmailService] Frontend URL: http://localhost:4200
2025-07-10T15:48:25: 📁 [EmailService] Templates path: /home/gti/teamlens/backend_teamlens/build/templates/emails
2025-07-10T15:48:26: 📧 [EmailService] Inicializando servicio de email profesional v2.0...
2025-07-10T15:48:26: 📧 [EmailService] Entorno: PRODUCCIÓN
2025-07-10T15:48:26: 📧 [EmailService] Usuario configurado: teamlens.app@gmail.com
2025-07-10T15:48:26: 🌐 [EmailService] Frontend URL: http://localhost:4200
2025-07-10T15:48:26: 📁 [EmailService] Templates path: /home/gti/teamlens/backend_teamlens/build/templates/emails
2025-07-10T15:48:27: 📧 [EmailService] Inicializando servicio de email profesional v2.0...
2025-07-10T15:48:27: 📧 [EmailService] Entorno: PRODUCCIÓN
2025-07-10T15:48:27: 📧 [EmailService] Usuario configurado: teamlens.app@gmail.com
2025-07-10T15:48:27: 🌐 [EmailService] Frontend URL: http://localhost:4200
2025-07-10T15:48:27: 📁 [EmailService] Templates path: /home/gti/teamlens/backend_teamlens/build/templates/emails
2025-07-10T15:48:28: 📧 [EmailService] Inicializando servicio de email profesional v2.0...
2025-07-10T15:48:28: 📧 [EmailService] Entorno: PRODUCCIÓN
2025-07-10T15:48:28: 📧 [EmailService] Usuario configurado: teamlens.app@gmail.com
2025-07-10T15:48:28: 🌐 [EmailService] Frontend URL: http://localhost:4200
2025-07-10T15:48:28: 📁 [EmailService] Templates path: /home/gti/teamlens/backend_teamlens/build/templates/emails
2025-07-10T15:48:28: 📧 [EmailService] Inicializando servicio de email profesional v2.0...
2025-07-10T15:48:28: 📧 [EmailService] Entorno: PRODUCCIÓN
2025-07-10T15:48:28: 📧 [EmailService] Usuario configurado: teamlens.app@gmail.com
2025-07-10T15:48:28: 🌐 [EmailService] Frontend URL: http://localhost:4200
2025-07-10T15:48:28: 📁 [EmailService] Templates path: /home/gti/teamlens/backend_teamlens/build/templates/emails
2025-07-10T15:48:29: 📧 [EmailService] Inicializando servicio de email profesional v2.0...
2025-07-10T15:48:29: 📧 [EmailService] Entorno: PRODUCCIÓN
2025-07-10T15:48:29: 📧 [EmailService] Usuario configurado: teamlens.app@gmail.com
2025-07-10T15:48:29: 🌐 [EmailService] Frontend URL: http://localhost:4200
2025-07-10T15:48:29: 📁 [EmailService] Templates path: /home/gti/teamlens/backend_teamlens/build/templates/emails
2025-07-10T15:48:30: 📧 [EmailService] Inicializando servicio de email profesional v2.0...
2025-07-10T15:48:30: 📧 [EmailService] Entorno: PRODUCCIÓN
2025-07-10T15:48:30: 📧 [EmailService] Usuario configurado: teamlens.app@gmail.com
2025-07-10T15:48:30: 🌐 [EmailService] Frontend URL: http://localhost:4200
2025-07-10T15:48:30: 📁 [EmailService] Templates path: /home/gti/teamlens/backend_teamlens/build/templates/emails
2025-07-10T15:48:31: 📧 [EmailService] Inicializando servicio de email profesional v2.0...
2025-07-10T15:48:31: 📧 [EmailService] Entorno: PRODUCCIÓN
2025-07-10T15:48:31: 📧 [EmailService] Usuario configurado: teamlens.app@gmail.com
2025-07-10T15:48:31: 🌐 [EmailService] Frontend URL: http://localhost:4200
2025-07-10T15:48:31: 📁 [EmailService] Templates path: /home/gti/teamlens/backend_teamlens/build/templates/emails
2025-07-10T15:48:32: 📧 [EmailService] Inicializando servicio de email profesional v2.0...
2025-07-10T15:48:32: 📧 [EmailService] Entorno: PRODUCCIÓN
2025-07-10T15:48:32: 📧 [EmailService] Usuario configurado: teamlens.app@gmail.com
2025-07-10T15:48:32: 🌐 [EmailService] Frontend URL: http://localhost:4200
2025-07-10T15:48:32: 📁 [EmailService] Templates path: /home/gti/teamlens/backend_teamlens/build/templates/emails
2025-07-10T15:48:33: 📧 [EmailService] Inicializando servicio de email profesional v2.0...
2025-07-10T15:48:33: 📧 [EmailService] Entorno: PRODUCCIÓN
2025-07-10T15:48:33: 📧 [EmailService] Usuario configurado: teamlens.app@gmail.com
2025-07-10T15:48:33: 🌐 [EmailService] Frontend URL: http://localhost:4200
2025-07-10T15:48:33: 📁 [EmailService] Templates path: /home/gti/teamlens/backend_teamlens/build/templates/emails
2025-07-10T15:48:34: 📧 [EmailService] Inicializando servicio de email profesional v2.0...
2025-07-10T15:48:34: 📧 [EmailService] Entorno: PRODUCCIÓN
2025-07-10T15:48:34: 📧 [EmailService] Usuario configurado: teamlens.app@gmail.com
2025-07-10T15:48:34: 🌐 [EmailService] Frontend URL: http://localhost:4200
2025-07-10T15:48:34: 📁 [EmailService] Templates path: /home/gti/teamlens/backend_teamlens/build/templates/emails
2025-07-10T15:48:35: 📧 [EmailService] Inicializando servicio de email profesional v2.0...
2025-07-10T15:48:35: 📧 [EmailService] Entorno: PRODUCCIÓN
2025-07-10T15:48:35: 📧 [EmailService] Usuario configurado: teamlens.app@gmail.com
2025-07-10T15:48:35: 🌐 [EmailService] Frontend URL: http://localhost:4200
2025-07-10T15:48:35: 📁 [EmailService] Templates path: /home/gti/teamlens/backend_teamlens/build/templates/emails
2025-07-10T15:48:35: 📧 [EmailService] Inicializando servicio de email profesional v2.0...
2025-07-10T15:48:35: 📧 [EmailService] Entorno: PRODUCCIÓN
2025-07-10T15:48:35: 📧 [EmailService] Usuario configurado: teamlens.app@gmail.com
2025-07-10T15:48:35: 🌐 [EmailService] Frontend URL: http://localhost:4200
2025-07-10T15:48:35: 📁 [EmailService] Templates path: /home/gti/teamlens/backend_teamlens/build/templates/emails
2025-07-10T15:48:36: 📧 [EmailService] Inicializando servicio de email profesional v2.0...
2025-07-10T15:48:36: 📧 [EmailService] Entorno: PRODUCCIÓN
2025-07-10T15:48:36: 📧 [EmailService] Usuario configurado: teamlens.app@gmail.com
2025-07-10T15:48:36: 🌐 [EmailService] Frontend URL: http://localhost:4200
2025-07-10T15:48:36: 📁 [EmailService] Templates path: /home/gti/teamlens/backend_teamlens/build/templates/emails
2025-07-10T15:48:37: 📧 [EmailService] Inicializando servicio de email profesional v2.0...
2025-07-10T15:48:37: 📧 [EmailService] Entorno: PRODUCCIÓN
2025-07-10T15:48:37: 📧 [EmailService] Usuario configurado: teamlens.app@gmail.com
2025-07-10T15:48:37: 🌐 [EmailService] Frontend URL: http://localhost:4200
2025-07-10T15:48:37: 📁 [EmailService] Templates path: /home/gti/teamlens/backend_teamlens/build/templates/emails
2025-07-10T15:48:38: 📧 [EmailService] Inicializando servicio de email profesional v2.0...
2025-07-10T15:48:38: 📧 [EmailService] Entorno: PRODUCCIÓN
2025-07-10T15:48:38: 📧 [EmailService] Usuario configurado: teamlens.app@gmail.com
2025-07-10T15:48:38: 🌐 [EmailService] Frontend URL: http://localhost:4200
2025-07-10T15:48:38: 📁 [EmailService] Templates path: /home/gti/teamlens/backend_teamlens/build/templates/emails
2025-07-10T15:48:39: 📧 [EmailService] Inicializando servicio de email profesional v2.0...
2025-07-10T15:48:39: 📧 [EmailService] Entorno: PRODUCCIÓN
2025-07-10T15:48:39: 📧 [EmailService] Usuario configurado: teamlens.app@gmail.com
2025-07-10T15:48:39: 🌐 [EmailService] Frontend URL: http://localhost:4200
2025-07-10T15:48:39: 📁 [EmailService] Templates path: /home/gti/teamlens/backend_teamlens/build/templates/emails
2025-07-10T15:48:40: 📧 [EmailService] Inicializando servicio de email profesional v2.0...
2025-07-10T15:48:40: 📧 [EmailService] Entorno: PRODUCCIÓN
2025-07-10T15:48:40: 📧 [EmailService] Usuario configurado: teamlens.app@gmail.com
2025-07-10T15:48:40: 🌐 [EmailService] Frontend URL: http://localhost:4200
2025-07-10T15:48:40: 📁 [EmailService] Templates path: /home/gti/teamlens/backend_teamlens/build/templates/emails
2025-07-10T15:48:41: 📧 [EmailService] Inicializando servicio de email profesional v2.0...
2025-07-10T15:48:41: 📧 [EmailService] Entorno: PRODUCCIÓN
2025-07-10T15:48:41: 📧 [EmailService] Usuario configurado: teamlens.app@gmail.com
2025-07-10T15:48:41: 🌐 [EmailService] Frontend URL: http://localhost:4200
2025-07-10T15:48:41: 📁 [EmailService] Templates path: /home/gti/teamlens/backend_teamlens/build/templates/emails
2025-07-10T15:48:42: 📧 [EmailService] Inicializando servicio de email profesional v2.0...
2025-07-10T15:48:42: 📧 [EmailService] Entorno: PRODUCCIÓN
2025-07-10T15:48:42: 📧 [EmailService] Usuario configurado: teamlens.app@gmail.com
2025-07-10T15:48:42: 🌐 [EmailService] Frontend URL: http://localhost:4200
2025-07-10T15:48:42: 📁 [EmailService] Templates path: /home/gti/teamlens/backend_teamlens/build/templates/emails
2025-07-10T15:48:43: 📧 [EmailService] Inicializando servicio de email profesional v2.0...
2025-07-10T15:48:43: 📧 [EmailService] Entorno: PRODUCCIÓN
2025-07-10T15:48:43: 📧 [EmailService] Usuario configurado: teamlens.app@gmail.com
2025-07-10T15:48:43: 🌐 [EmailService] Frontend URL: http://localhost:4200
2025-07-10T15:48:43: 📁 [EmailService] Templates path: /home/gti/teamlens/backend_teamlens/build/templates/emails
2025-07-10T15:48:44: 📧 [EmailService] Inicializando servicio de email profesional v2.0...
2025-07-10T15:48:44: 📧 [EmailService] Entorno: PRODUCCIÓN
2025-07-10T15:48:44: 📧 [EmailService] Usuario configurado: teamlens.app@gmail.com
2025-07-10T15:48:44: 🌐 [EmailService] Frontend URL: http://localhost:4200
2025-07-10T15:48:44: 📁 [EmailService] Templates path: /home/gti/teamlens/backend_teamlens/build/templates/emails
2025-07-10T15:48:44: 📧 [EmailService] Inicializando servicio de email profesional v2.0...
2025-07-10T15:48:44: 📧 [EmailService] Entorno: PRODUCCIÓN
2025-07-10T15:48:44: 📧 [EmailService] Usuario configurado: teamlens.app@gmail.com
2025-07-10T15:48:44: 🌐 [EmailService] Frontend URL: http://localhost:4200
2025-07-10T15:48:44: 📁 [EmailService] Templates path: /home/gti/teamlens/backend_teamlens/build/templates/emails
2025-07-10T15:48:45: 📧 [EmailService] Inicializando servicio de email profesional v2.0...
2025-07-10T15:48:45: 📧 [EmailService] Entorno: PRODUCCIÓN
2025-07-10T15:48:45: 📧 [EmailService] Usuario configurado: teamlens.app@gmail.com
2025-07-10T15:48:45: 🌐 [EmailService] Frontend URL: http://localhost:4200
2025-07-10T15:48:45: 📁 [EmailService] Templates path: /home/gti/teamlens/backend_teamlens/build/templates/emails
2025-07-10T15:48:46: 📧 [EmailService] Inicializando servicio de email profesional v2.0...
2025-07-10T15:48:46: 📧 [EmailService] Entorno: PRODUCCIÓN
2025-07-10T15:48:46: 📧 [EmailService] Usuario configurado: teamlens.app@gmail.com
2025-07-10T15:48:46: 🌐 [EmailService] Frontend URL: http://localhost:4200
2025-07-10T15:48:46: 📁 [EmailService] Templates path: /home/gti/teamlens/backend_teamlens/build/templates/emails
2025-07-10T15:50:48: 📧 [EmailService] Inicializando servicio de email profesional v2.0...
2025-07-10T15:50:48: 📧 [EmailService] Entorno: PRODUCCIÓN
2025-07-10T15:50:48: 📧 [EmailService] Usuario configurado: teamlens.app@gmail.com
2025-07-10T15:50:48: 🌐 [EmailService] Frontend URL: http://localhost:4200
2025-07-10T15:50:48: 📁 [EmailService] Templates path: /home/gti/teamlens/backend_teamlens/build/templates/emails
2025-07-10T15:50:49: 📧 [EmailService] Inicializando servicio de email profesional v2.0...
2025-07-10T15:50:49: 📧 [EmailService] Entorno: PRODUCCIÓN
2025-07-10T15:50:49: 📧 [EmailService] Usuario configurado: teamlens.app@gmail.com
2025-07-10T15:50:49: 🌐 [EmailService] Frontend URL: http://localhost:4200
2025-07-10T15:50:49: 📁 [EmailService] Templates path: /home/gti/teamlens/backend_teamlens/build/templates/emails
2025-07-10T15:50:49: 📧 [EmailService] Inicializando servicio de email profesional v2.0...
2025-07-10T15:50:49: 📧 [EmailService] Entorno: PRODUCCIÓN
2025-07-10T15:50:49: 📧 [EmailService] Usuario configurado: teamlens.app@gmail.com
2025-07-10T15:50:49: 🌐 [EmailService] Frontend URL: http://localhost:4200
2025-07-10T15:50:49: 📁 [EmailService] Templates path: /home/gti/teamlens/backend_teamlens/build/templates/emails
2025-07-10T15:50:50: 📧 [EmailService] Inicializando servicio de email profesional v2.0...
2025-07-10T15:50:50: 📧 [EmailService] Entorno: PRODUCCIÓN
2025-07-10T15:50:50: 📧 [EmailService] Usuario configurado: teamlens.app@gmail.com
2025-07-10T15:50:50: 🌐 [EmailService] Frontend URL: http://localhost:4200
2025-07-10T15:50:50: 📁 [EmailService] Templates path: /home/gti/teamlens/backend_teamlens/build/templates/emails
2025-07-10T15:50:51: 📧 [EmailService] Inicializando servicio de email profesional v2.0...
2025-07-10T15:50:51: 📧 [EmailService] Entorno: PRODUCCIÓN
2025-07-10T15:50:51: 📧 [EmailService] Usuario configurado: teamlens.app@gmail.com
2025-07-10T15:50:51: 🌐 [EmailService] Frontend URL: http://localhost:4200
2025-07-10T15:50:51: 📁 [EmailService] Templates path: /home/gti/teamlens/backend_teamlens/build/templates/emails
2025-07-10T15:50:52: 📧 [EmailService] Inicializando servicio de email profesional v2.0...
2025-07-10T15:50:52: 📧 [EmailService] Entorno: PRODUCCIÓN
2025-07-10T15:50:52: 📧 [EmailService] Usuario configurado: teamlens.app@gmail.com
2025-07-10T15:50:52: 🌐 [EmailService] Frontend URL: http://localhost:4200
2025-07-10T15:50:52: 📁 [EmailService] Templates path: /home/gti/teamlens/backend_teamlens/build/templates/emails
2025-07-10T15:50:53: 📧 [EmailService] Inicializando servicio de email profesional v2.0...
2025-07-10T15:50:53: 📧 [EmailService] Entorno: PRODUCCIÓN
2025-07-10T15:50:53: 📧 [EmailService] Usuario configurado: teamlens.app@gmail.com
2025-07-10T15:50:53: 🌐 [EmailService] Frontend URL: http://localhost:4200
2025-07-10T15:50:53: 📁 [EmailService] Templates path: /home/gti/teamlens/backend_teamlens/build/templates/emails
2025-07-10T15:50:54: 📧 [EmailService] Inicializando servicio de email profesional v2.0...
2025-07-10T15:50:54: 📧 [EmailService] Entorno: PRODUCCIÓN
2025-07-10T15:50:54: 📧 [EmailService] Usuario configurado: teamlens.app@gmail.com
2025-07-10T15:50:54: 🌐 [EmailService] Frontend URL: http://localhost:4200
2025-07-10T15:50:54: 📁 [EmailService] Templates path: /home/gti/teamlens/backend_teamlens/build/templates/emails
2025-07-10T15:50:55: 📧 [EmailService] Inicializando servicio de email profesional v2.0...
2025-07-10T15:50:55: 📧 [EmailService] Entorno: PRODUCCIÓN
2025-07-10T15:50:55: 📧 [EmailService] Usuario configurado: teamlens.app@gmail.com
2025-07-10T15:50:55: 🌐 [EmailService] Frontend URL: http://localhost:4200
2025-07-10T15:50:55: 📁 [EmailService] Templates path: /home/gti/teamlens/backend_teamlens/build/templates/emails
2025-07-10T15:50:56: 📧 [EmailService] Inicializando servicio de email profesional v2.0...
2025-07-10T15:50:56: 📧 [EmailService] Entorno: PRODUCCIÓN
2025-07-10T15:50:56: 📧 [EmailService] Usuario configurado: teamlens.app@gmail.com
2025-07-10T15:50:56: 🌐 [EmailService] Frontend URL: http://localhost:4200
2025-07-10T15:50:56: 📁 [EmailService] Templates path: /home/gti/teamlens/backend_teamlens/build/templates/emails
2025-07-10T15:50:57: 📧 [EmailService] Inicializando servicio de email profesional v2.0...
2025-07-10T15:50:57: 📧 [EmailService] Entorno: PRODUCCIÓN
2025-07-10T15:50:57: 📧 [EmailService] Usuario configurado: teamlens.app@gmail.com
2025-07-10T15:50:57: 🌐 [EmailService] Frontend URL: http://localhost:4200
2025-07-10T15:50:57: 📁 [EmailService] Templates path: /home/gti/teamlens/backend_teamlens/build/templates/emails
2025-07-10T15:50:58: 📧 [EmailService] Inicializando servicio de email profesional v2.0...
2025-07-10T15:50:58: 📧 [EmailService] Entorno: PRODUCCIÓN
2025-07-10T15:50:58: 📧 [EmailService] Usuario configurado: teamlens.app@gmail.com
2025-07-10T15:50:58: 🌐 [EmailService] Frontend URL: http://localhost:4200
2025-07-10T15:50:58: 📁 [EmailService] Templates path: /home/gti/teamlens/backend_teamlens/build/templates/emails
2025-07-10T15:50:58: 📧 [EmailService] Inicializando servicio de email profesional v2.0...
2025-07-10T15:50:58: 📧 [EmailService] Entorno: PRODUCCIÓN
2025-07-10T15:50:58: 📧 [EmailService] Usuario configurado: teamlens.app@gmail.com
2025-07-10T15:50:58: 🌐 [EmailService] Frontend URL: http://localhost:4200
2025-07-10T15:50:58: 📁 [EmailService] Templates path: /home/gti/teamlens/backend_teamlens/build/templates/emails
2025-07-10T15:50:59: 📧 [EmailService] Inicializando servicio de email profesional v2.0...
2025-07-10T15:50:59: 📧 [EmailService] Entorno: PRODUCCIÓN
2025-07-10T15:50:59: 📧 [EmailService] Usuario configurado: teamlens.app@gmail.com
2025-07-10T15:50:59: 🌐 [EmailService] Frontend URL: http://localhost:4200
2025-07-10T15:50:59: 📁 [EmailService] Templates path: /home/gti/teamlens/backend_teamlens/build/templates/emails
2025-07-10T15:51:00: 📧 [EmailService] Inicializando servicio de email profesional v2.0...
2025-07-10T15:51:00: 📧 [EmailService] Entorno: PRODUCCIÓN
2025-07-10T15:51:00: 📧 [EmailService] Usuario configurado: teamlens.app@gmail.com
2025-07-10T15:51:00: 🌐 [EmailService] Frontend URL: http://localhost:4200
2025-07-10T15:51:00: 📁 [EmailService] Templates path: /home/gti/teamlens/backend_teamlens/build/templates/emails
2025-07-10T15:51:01: 📧 [EmailService] Inicializando servicio de email profesional v2.0...
2025-07-10T15:51:01: 📧 [EmailService] Entorno: PRODUCCIÓN
2025-07-10T15:51:01: 📧 [EmailService] Usuario configurado: teamlens.app@gmail.com
2025-07-10T15:51:01: 🌐 [EmailService] Frontend URL: http://localhost:4200
2025-07-10T15:51:01: 📁 [EmailService] Templates path: /home/gti/teamlens/backend_teamlens/build/templates/emails
2025-07-10T15:53:51: 📧 [EmailService] Inicializando servicio de email profesional v2.0...
2025-07-10T15:53:51: 📧 [EmailService] Entorno: DESARROLLO
2025-07-10T15:53:51: 📧 [EmailService] Usuario configurado: teamlens.app@gmail.com
2025-07-10T15:53:51: 🌐 [EmailService] Frontend URL: http://localhost:4200
2025-07-10T15:53:51: 📁 [EmailService] Templates path: /home/gti/teamlens/backend_teamlens/build/templates/emails
2025-07-10T15:53:55: 📧 [EmailService] Inicializando servicio de email profesional v2.0...
2025-07-10T15:53:55: 📧 [EmailService] Entorno: DESARROLLO
2025-07-10T15:53:55: 📧 [EmailService] Usuario configurado: teamlens.app@gmail.com
2025-07-10T15:53:55: 🌐 [EmailService] Frontend URL: http://localhost:4200
2025-07-10T15:53:55: 📁 [EmailService] Templates path: /home/gti/teamlens/backend_teamlens/build/templates/emails
2025-07-10T15:53:58: 📧 [EmailService] Inicializando servicio de email profesional v2.0...
2025-07-10T15:53:58: 📧 [EmailService] Entorno: DESARROLLO
2025-07-10T15:53:58: 📧 [EmailService] Usuario configurado: teamlens.app@gmail.com
2025-07-10T15:53:58: 🌐 [EmailService] Frontend URL: http://localhost:4200
2025-07-10T15:53:58: 📁 [EmailService] Templates path: /home/gti/teamlens/backend_teamlens/build/templates/emails
2025-07-10T15:54:02: 📧 [EmailService] Inicializando servicio de email profesional v2.0...
2025-07-10T15:54:02: 📧 [EmailService] Entorno: DESARROLLO
2025-07-10T15:54:02: 📧 [EmailService] Usuario configurado: teamlens.app@gmail.com
2025-07-10T15:54:02: 🌐 [EmailService] Frontend URL: http://localhost:4200
2025-07-10T15:54:02: 📁 [EmailService] Templates path: /home/gti/teamlens/backend_teamlens/build/templates/emails
2025-07-10T15:54:06: 📧 [EmailService] Inicializando servicio de email profesional v2.0...
2025-07-10T15:54:06: 📧 [EmailService] Entorno: DESARROLLO
2025-07-10T15:54:06: 📧 [EmailService] Usuario configurado: teamlens.app@gmail.com
2025-07-10T15:54:06: 🌐 [EmailService] Frontend URL: http://localhost:4200
2025-07-10T15:54:06: 📁 [EmailService] Templates path: /home/gti/teamlens/backend_teamlens/build/templates/emails
2025-07-10T15:54:10: 📧 [EmailService] Inicializando servicio de email profesional v2.0...
2025-07-10T15:54:10: 📧 [EmailService] Entorno: DESARROLLO
2025-07-10T15:54:10: 📧 [EmailService] Usuario configurado: teamlens.app@gmail.com
2025-07-10T15:54:10: 🌐 [EmailService] Frontend URL: http://localhost:4200
2025-07-10T15:54:10: 📁 [EmailService] Templates path: /home/gti/teamlens/backend_teamlens/build/templates/emails
2025-07-10T15:54:14: 📧 [EmailService] Inicializando servicio de email profesional v2.0...
2025-07-10T15:54:14: 📧 [EmailService] Entorno: DESARROLLO
2025-07-10T15:54:14: 📧 [EmailService] Usuario configurado: teamlens.app@gmail.com
2025-07-10T15:54:14: 🌐 [EmailService] Frontend URL: http://localhost:4200
2025-07-10T15:54:14: 📁 [EmailService] Templates path: /home/gti/teamlens/backend_teamlens/build/templates/emails
