2025-07-12 07:49:45 +02:00: 📧 [EmailService] Inicializando servicio de email profesional v2.0...
2025-07-12 07:49:45 +02:00: 📧 [EmailService] Entorno: PRODUCCIÓN
2025-07-12 07:49:45 +02:00: 📧 [EmailService] Usuario configurado: teamlens.app@gmail.com
2025-07-12 07:49:45 +02:00: 🌐 [EmailService] Frontend URL: http://teamlens.gti-ia.dsic.upv.es
2025-07-12 07:49:45 +02:00: 📁 [EmailService] Templates path: C:\Users\vicen\OneDrive\Escritorio\RoadToDevOps\teamlens\backend_teamlens\build\templates\emails
2025-07-12 07:49:45 +02:00: ✅ [EmailService] URL de producción configurada correctamente: http://teamlens.gti-ia.dsic.upv.es
2025-07-12 07:49:45 +02:00: 📧 [EmailService] Inicializando servicio de email profesional v2.0...
2025-07-12 07:49:45 +02:00: 📧 [EmailService] Entorno: PRODUCCIÓN
2025-07-12 07:49:45 +02:00: 📧 [EmailService] Usuario configurado: teamlens.app@gmail.com
2025-07-12 07:49:45 +02:00: 🌐 [EmailService] Frontend URL: http://teamlens.gti-ia.dsic.upv.es
2025-07-12 07:49:45 +02:00: 📁 [EmailService] Templates path: C:\Users\vicen\OneDrive\Escritorio\RoadToDevOps\teamlens\backend_teamlens\build\templates\emails
2025-07-12 07:49:45 +02:00: ✅ [EmailService] URL de producción configurada correctamente: http://teamlens.gti-ia.dsic.upv.es
2025-07-12 07:49:46 +02:00: 📧 [EmailService] Inicializando servicio de email profesional v2.0...
2025-07-12 07:49:46 +02:00: 📧 [EmailService] Entorno: PRODUCCIÓN
2025-07-12 07:49:46 +02:00: 📧 [EmailService] Usuario configurado: teamlens.app@gmail.com
2025-07-12 07:49:46 +02:00: 🌐 [EmailService] Frontend URL: http://teamlens.gti-ia.dsic.upv.es
2025-07-12 07:49:46 +02:00: 📁 [EmailService] Templates path: C:\Users\vicen\OneDrive\Escritorio\RoadToDevOps\teamlens\backend_teamlens\build\templates\emails
2025-07-12 07:49:46 +02:00: ✅ [EmailService] URL de producción configurada correctamente: http://teamlens.gti-ia.dsic.upv.es
2025-07-12 07:49:46 +02:00: 📧 [EmailService] Inicializando servicio de email profesional v2.0...
2025-07-12 07:49:46 +02:00: 📧 [EmailService] Entorno: PRODUCCIÓN
2025-07-12 07:49:46 +02:00: 📧 [EmailService] Usuario configurado: teamlens.app@gmail.com
2025-07-12 07:49:46 +02:00: 🌐 [EmailService] Frontend URL: http://teamlens.gti-ia.dsic.upv.es
2025-07-12 07:49:46 +02:00: 📁 [EmailService] Templates path: C:\Users\vicen\OneDrive\Escritorio\RoadToDevOps\teamlens\backend_teamlens\build\templates\emails
2025-07-12 07:49:46 +02:00: ✅ [EmailService] URL de producción configurada correctamente: http://teamlens.gti-ia.dsic.upv.es
2025-07-12 07:49:47 +02:00: 📧 [EmailService] Inicializando servicio de email profesional v2.0...
2025-07-12 07:49:47 +02:00: 📧 [EmailService] Entorno: PRODUCCIÓN
2025-07-12 07:49:47 +02:00: 📧 [EmailService] Usuario configurado: teamlens.app@gmail.com
2025-07-12 07:49:47 +02:00: 🌐 [EmailService] Frontend URL: http://teamlens.gti-ia.dsic.upv.es
2025-07-12 07:49:47 +02:00: 📁 [EmailService] Templates path: C:\Users\vicen\OneDrive\Escritorio\RoadToDevOps\teamlens\backend_teamlens\build\templates\emails
2025-07-12 07:49:47 +02:00: ✅ [EmailService] URL de producción configurada correctamente: http://teamlens.gti-ia.dsic.upv.es
2025-07-12 07:49:47 +02:00: 📧 [EmailService] Inicializando servicio de email profesional v2.0...
2025-07-12 07:49:47 +02:00: 📧 [EmailService] Entorno: PRODUCCIÓN
2025-07-12 07:49:47 +02:00: 📧 [EmailService] Usuario configurado: teamlens.app@gmail.com
2025-07-12 07:49:47 +02:00: 🌐 [EmailService] Frontend URL: http://teamlens.gti-ia.dsic.upv.es
2025-07-12 07:49:47 +02:00: 📁 [EmailService] Templates path: C:\Users\vicen\OneDrive\Escritorio\RoadToDevOps\teamlens\backend_teamlens\build\templates\emails
2025-07-12 07:49:47 +02:00: ✅ [EmailService] URL de producción configurada correctamente: http://teamlens.gti-ia.dsic.upv.es
2025-07-12 07:49:48 +02:00: 📧 [EmailService] Inicializando servicio de email profesional v2.0...
2025-07-12 07:49:48 +02:00: 📧 [EmailService] Entorno: PRODUCCIÓN
2025-07-12 07:49:48 +02:00: 📧 [EmailService] Usuario configurado: teamlens.app@gmail.com
2025-07-12 07:49:48 +02:00: 🌐 [EmailService] Frontend URL: http://teamlens.gti-ia.dsic.upv.es
2025-07-12 07:49:48 +02:00: 📁 [EmailService] Templates path: C:\Users\vicen\OneDrive\Escritorio\RoadToDevOps\teamlens\backend_teamlens\build\templates\emails
2025-07-12 07:49:48 +02:00: ✅ [EmailService] URL de producción configurada correctamente: http://teamlens.gti-ia.dsic.upv.es
2025-07-12 07:49:49 +02:00: 📧 [EmailService] Inicializando servicio de email profesional v2.0...
2025-07-12 07:49:49 +02:00: 📧 [EmailService] Entorno: PRODUCCIÓN
2025-07-12 07:49:49 +02:00: 📧 [EmailService] Usuario configurado: teamlens.app@gmail.com
2025-07-12 07:49:49 +02:00: 🌐 [EmailService] Frontend URL: http://teamlens.gti-ia.dsic.upv.es
2025-07-12 07:49:49 +02:00: 📁 [EmailService] Templates path: C:\Users\vicen\OneDrive\Escritorio\RoadToDevOps\teamlens\backend_teamlens\build\templates\emails
2025-07-12 07:49:49 +02:00: ✅ [EmailService] URL de producción configurada correctamente: http://teamlens.gti-ia.dsic.upv.es
2025-07-12 07:49:49 +02:00: 📧 [EmailService] Inicializando servicio de email profesional v2.0...
2025-07-12 07:49:49 +02:00: 📧 [EmailService] Entorno: PRODUCCIÓN
2025-07-12 07:49:49 +02:00: 📧 [EmailService] Usuario configurado: teamlens.app@gmail.com
2025-07-12 07:49:49 +02:00: 🌐 [EmailService] Frontend URL: http://teamlens.gti-ia.dsic.upv.es
2025-07-12 07:49:49 +02:00: 📁 [EmailService] Templates path: C:\Users\vicen\OneDrive\Escritorio\RoadToDevOps\teamlens\backend_teamlens\build\templates\emails
2025-07-12 07:49:49 +02:00: ✅ [EmailService] URL de producción configurada correctamente: http://teamlens.gti-ia.dsic.upv.es
2025-07-12 07:49:50 +02:00: 📧 [EmailService] Inicializando servicio de email profesional v2.0...
2025-07-12 07:49:50 +02:00: 📧 [EmailService] Entorno: PRODUCCIÓN
2025-07-12 07:49:50 +02:00: 📧 [EmailService] Usuario configurado: teamlens.app@gmail.com
2025-07-12 07:49:50 +02:00: 🌐 [EmailService] Frontend URL: http://teamlens.gti-ia.dsic.upv.es
2025-07-12 07:49:50 +02:00: 📁 [EmailService] Templates path: C:\Users\vicen\OneDrive\Escritorio\RoadToDevOps\teamlens\backend_teamlens\build\templates\emails
2025-07-12 07:49:50 +02:00: ✅ [EmailService] URL de producción configurada correctamente: http://teamlens.gti-ia.dsic.upv.es
2025-07-12 07:49:50 +02:00: 📧 [EmailService] Inicializando servicio de email profesional v2.0...
2025-07-12 07:49:50 +02:00: 📧 [EmailService] Entorno: PRODUCCIÓN
2025-07-12 07:49:50 +02:00: 📧 [EmailService] Usuario configurado: teamlens.app@gmail.com
2025-07-12 07:49:50 +02:00: 🌐 [EmailService] Frontend URL: http://teamlens.gti-ia.dsic.upv.es
2025-07-12 07:49:50 +02:00: 📁 [EmailService] Templates path: C:\Users\vicen\OneDrive\Escritorio\RoadToDevOps\teamlens\backend_teamlens\build\templates\emails
2025-07-12 07:49:50 +02:00: ✅ [EmailService] URL de producción configurada correctamente: http://teamlens.gti-ia.dsic.upv.es
2025-07-12 07:49:51 +02:00: 📧 [EmailService] Inicializando servicio de email profesional v2.0...
2025-07-12 07:49:51 +02:00: 📧 [EmailService] Entorno: PRODUCCIÓN
2025-07-12 07:49:51 +02:00: 📧 [EmailService] Usuario configurado: teamlens.app@gmail.com
2025-07-12 07:49:51 +02:00: 🌐 [EmailService] Frontend URL: http://teamlens.gti-ia.dsic.upv.es
2025-07-12 07:49:51 +02:00: 📁 [EmailService] Templates path: C:\Users\vicen\OneDrive\Escritorio\RoadToDevOps\teamlens\backend_teamlens\build\templates\emails
2025-07-12 07:49:51 +02:00: ✅ [EmailService] URL de producción configurada correctamente: http://teamlens.gti-ia.dsic.upv.es
2025-07-12 07:49:52 +02:00: 📧 [EmailService] Inicializando servicio de email profesional v2.0...
2025-07-12 07:49:52 +02:00: 📧 [EmailService] Entorno: PRODUCCIÓN
2025-07-12 07:49:52 +02:00: 📧 [EmailService] Usuario configurado: teamlens.app@gmail.com
2025-07-12 07:49:52 +02:00: 🌐 [EmailService] Frontend URL: http://teamlens.gti-ia.dsic.upv.es
2025-07-12 07:49:52 +02:00: 📁 [EmailService] Templates path: C:\Users\vicen\OneDrive\Escritorio\RoadToDevOps\teamlens\backend_teamlens\build\templates\emails
2025-07-12 07:49:52 +02:00: ✅ [EmailService] URL de producción configurada correctamente: http://teamlens.gti-ia.dsic.upv.es
2025-07-12 07:49:52 +02:00: 📧 [EmailService] Inicializando servicio de email profesional v2.0...
2025-07-12 07:49:52 +02:00: 📧 [EmailService] Entorno: PRODUCCIÓN
2025-07-12 07:49:52 +02:00: 📧 [EmailService] Usuario configurado: teamlens.app@gmail.com
2025-07-12 07:49:52 +02:00: 🌐 [EmailService] Frontend URL: http://teamlens.gti-ia.dsic.upv.es
2025-07-12 07:49:52 +02:00: 📁 [EmailService] Templates path: C:\Users\vicen\OneDrive\Escritorio\RoadToDevOps\teamlens\backend_teamlens\build\templates\emails
2025-07-12 07:49:52 +02:00: ✅ [EmailService] URL de producción configurada correctamente: http://teamlens.gti-ia.dsic.upv.es
2025-07-12 07:49:53 +02:00: 📧 [EmailService] Inicializando servicio de email profesional v2.0...
2025-07-12 07:49:53 +02:00: 📧 [EmailService] Entorno: PRODUCCIÓN
2025-07-12 07:49:53 +02:00: 📧 [EmailService] Usuario configurado: teamlens.app@gmail.com
2025-07-12 07:49:53 +02:00: 🌐 [EmailService] Frontend URL: http://teamlens.gti-ia.dsic.upv.es
2025-07-12 07:49:53 +02:00: 📁 [EmailService] Templates path: C:\Users\vicen\OneDrive\Escritorio\RoadToDevOps\teamlens\backend_teamlens\build\templates\emails
2025-07-12 07:49:53 +02:00: ✅ [EmailService] URL de producción configurada correctamente: http://teamlens.gti-ia.dsic.upv.es
2025-07-12 07:49:53 +02:00: 📧 [EmailService] Inicializando servicio de email profesional v2.0...
2025-07-12 07:49:53 +02:00: 📧 [EmailService] Entorno: PRODUCCIÓN
2025-07-12 07:49:53 +02:00: 📧 [EmailService] Usuario configurado: teamlens.app@gmail.com
2025-07-12 07:49:53 +02:00: 🌐 [EmailService] Frontend URL: http://teamlens.gti-ia.dsic.upv.es
2025-07-12 07:49:53 +02:00: 📁 [EmailService] Templates path: C:\Users\vicen\OneDrive\Escritorio\RoadToDevOps\teamlens\backend_teamlens\build\templates\emails
2025-07-12 07:49:53 +02:00: ✅ [EmailService] URL de producción configurada correctamente: http://teamlens.gti-ia.dsic.upv.es
